MPLINK 4.48, Linker
Linker Map File - Created Sun Sep 15 20:55:04 2013

                                 Section Info
                  Section       Type    Address   Location Size(Bytes)
                ---------  ---------  ---------  ---------  ---------
               _entry_scn       code   0x000000    program   0x000006
              HiPriVector       code   0x000008    program   0x00000a
             LowPriVector       code   0x000018    program   0x00000a
    REMAPPED_RESET_VECTOR       code   0x001000    program   0x000006
      AppSignatureSection    romdata   0x001006    program   0x000002
     Remapped_HiPriVector       code   0x001008    program   0x00000a
           .code___init.o       code   0x001012    program   0x000002
          .idata_main.o_i    romdata   0x001014    program   0x000002
AppVersionAndSignatureSection    romdata   0x001016    program   0x000002
    Remapped_LowPriVector       code   0x001018    program   0x00000a
                   .cinit    romdata   0x001022    program   0x00000e
       .code_usb_device.o       code   0x001030    program   0x00127a
             .code_main.o       code   0x0022aa    program   0x000444
.romdata_usb_descriptors.o    romdata   0x0026ee    program   0x000137
           .idata_i2c.o_i    romdata   0x002825    program   0x000000
           .romdata_i2c.o    romdata   0x002825    program   0x000000
        .idata___init.o_i    romdata   0x002825    program   0x000000
        .romdata___init.o    romdata   0x002825    program   0x000000
          .romdata_main.o    romdata   0x002825    program   0x000000
         .idata_c018i.o_i    romdata   0x002825    program   0x000000
    .romdata_touch_comm.o    romdata   0x002825    program   0x000000
    .idata_touch_comm.o_i    romdata   0x002825    program   0x000000
.idata_usb_descriptors.o_i    romdata   0x002825    program   0x000000
         .romdata_c018i.o    romdata   0x002825    program   0x000000
    .idata_usb_device.o_i    romdata   0x002825    program   0x000000
    .romdata_usb_device.o    romdata   0x002825    program   0x000000
.idata_usb_function_hid.o_i    romdata   0x002825    program   0x000000
.romdata_usb_function_hid.o    romdata   0x002825    program   0x000000
  .code_usb_descriptors.o       code   0x002826    program   0x000000
            .code_c018i.o       code   0x002826    program   0x000000
 .code_usb_function_hid.o       code   0x002826    program   0x0000c6
       .code_touch_comm.o       code   0x0028ec    program   0x0000b0
              .code_i2c.o       code   0x00299c    program   0x0000a4
               _cinit_scn       code   0x002a40    program   0x00009e
                   STRING       code   0x002ade    program   0x000034
                    .code       code   0x002b12    program   0x000020
             _startup_scn       code   0x002b32    program   0x00001c
    .config_300000_main.o    romdata   0x300000    program   0x000001
    .config_300001_main.o    romdata   0x300001    program   0x000001
    .config_300002_main.o    romdata   0x300002    program   0x000001
    .config_300003_main.o    romdata   0x300003    program   0x000001
    .config_300005_main.o    romdata   0x300005    program   0x000001
    .config_300006_main.o    romdata   0x300006    program   0x000001
    .config_300008_main.o    romdata   0x300008    program   0x000001
    .config_300009_main.o    romdata   0x300009    program   0x000001
    .config_30000a_main.o    romdata   0x30000a    program   0x000001
    .config_30000b_main.o    romdata   0x30000b    program   0x000001
    .config_30000c_main.o    romdata   0x30000c    program   0x000001
    .config_30000d_main.o    romdata   0x30000d    program   0x000001
                MATH_DATA      udata   0x000000       data   0x00000b
                 .tmpdata      udata   0x00000b       data   0x000003
            .udata_main.o      udata   0x000060       data   0x00000f
           .udata_c018i.o      udata   0x00006f       data   0x00000a
                   .stack      udata   0x000100       data   0x000080
      .udata_touch_comm.o      udata   0x000180       data   0x00003e
      .udata_usb_device.o      udata   0x0001be       data   0x00002e
.udata_usb_function_hid.o      udata   0x0001ec       data   0x000002
            .idata_main.o      idata   0x0001ee       data   0x000002
           .idata_c018i.o      idata   0x0001f0       data   0x000000
          .idata___init.o      idata   0x0001f0       data   0x000000
          .udata___init.o      udata   0x0001f0       data   0x000000
             .idata_i2c.o      idata   0x0001f0       data   0x000000
             .udata_i2c.o      udata   0x0001f0       data   0x000000
      .idata_touch_comm.o      idata   0x0001f0       data   0x000000
 .idata_usb_descriptors.o      idata   0x0001f0       data   0x000000
 .udata_usb_descriptors.o      udata   0x0001f0       data   0x000000
.idata_usb_function_hid.o      idata   0x0001f0       data   0x000000
      .idata_usb_device.o      idata   0x0001f0       data   0x000000
                  USB_BDT      udata   0x000200       data   0x000030
                 HID_VARS      udata   0x000260       data   0x000080
              SFR_BANKED0      udata   0x000f53       data   0x00000d
            SFR_UNBANKED0      udata   0x000f60       data   0x0000a0



                              Program Memory Usage 
                               Start         End      
                           ---------   ---------      
                            0x000000    0x000005      
                            0x000008    0x000011      
                            0x000018    0x000021      
                            0x001000    0x002824      
                            0x002826    0x002b4d      
                            0x300000    0x300003      
                            0x300005    0x300006      
                            0x300008    0x30000d      
            7027 out of 16408 program addresses used, program memory utilization is 42%



                              Symbols - Sorted by Name
                     Name    Address   Location    Storage File                     
                ---------  ---------  ---------  --------- ---------                
               AppVersion   0x001016    program     extern C:\Users\Stephen\Documents\GitHub\PIC_MultiTouch\MultiTouch_Screen.X\main.c
GotoHighPriorityInterruptHandler   0x00000e    program     static C:\Users\Stephen\Documents\GitHub\PIC_MultiTouch\MultiTouch_Screen.X\PIC18InterruptVectors.asm
GotoLowPriorityInterruptHandler   0x00001e    program     static C:\Users\Stephen\Documents\GitHub\PIC_MultiTouch\MultiTouch_Screen.X\PIC18InterruptVectors.asm
    HighPriorityIntVector   0x000008    program     static C:\Users\Stephen\Documents\GitHub\PIC_MultiTouch\MultiTouch_Screen.X\PIC18InterruptVectors.asm
                 InitLEDs   0x002404    program     extern C:\Users\Stephen\Documents\GitHub\PIC_MultiTouch\MultiTouch_Screen.X\main.c
         InitializeSystem   0x00240e    program     static C:\Users\Stephen\Documents\GitHub\PIC_MultiTouch\MultiTouch_Screen.X\main.c
     LowPriorityIntVector   0x000018    program     static C:\Users\Stephen\Documents\GitHub\PIC_MultiTouch\MultiTouch_Screen.X\PIC18InterruptVectors.asm
MultiTouchGetReportHandler   0x0025a4    program     extern C:\Users\Stephen\Documents\GitHub\PIC_MultiTouch\MultiTouch_Screen.X\main.c
Remapped_GotoHighPriIntHandler   0x00100e    program     static C:\Users\Stephen\Documents\GitHub\PIC_MultiTouch\MultiTouch_Screen.X\PIC18InterruptVectors.asm
Remapped_GotoLowPriIntHandler   0x00101e    program     static C:\Users\Stephen\Documents\GitHub\PIC_MultiTouch\MultiTouch_Screen.X\PIC18InterruptVectors.asm
Remapped_HighPriorityIntVector   0x001008    program     static C:\Users\Stephen\Documents\GitHub\PIC_MultiTouch\MultiTouch_Screen.X\PIC18InterruptVectors.asm
Remapped_LowPriorityIntVector   0x001018    program     static C:\Users\Stephen\Documents\GitHub\PIC_MultiTouch\MultiTouch_Screen.X\PIC18InterruptVectors.asm
     SignaturePlaceholder   0x001006    program     extern C:\Users\Stephen\Documents\GitHub\PIC_MultiTouch\MultiTouch_Screen.X\main.c
              TouchEnable   0x00242e    program     extern C:\Users\Stephen\Documents\GitHub\PIC_MultiTouch\MultiTouch_Screen.X\main.c
           TouchInterrupt   0x00244c    program     extern C:\Users\Stephen\Documents\GitHub\PIC_MultiTouch\MultiTouch_Screen.X\main.c
       USBCBCheckOtherReq   0x0024b0    program     extern C:\Users\Stephen\Documents\GitHub\PIC_MultiTouch\MultiTouch_Screen.X\main.c
        USBCBErrorHandler   0x0024ae    program     extern C:\Users\Stephen\Documents\GitHub\PIC_MultiTouch\MultiTouch_Screen.X\main.c
              USBCBInitEP   0x0024b6    program     extern C:\Users\Stephen\Documents\GitHub\PIC_MultiTouch\MultiTouch_Screen.X\main.c
          USBCBSendResume   0x0024c8    program     extern C:\Users\Stephen\Documents\GitHub\PIC_MultiTouch\MultiTouch_Screen.X\main.c
    USBCBStdSetDscHandler   0x0024b4    program     extern C:\Users\Stephen\Documents\GitHub\PIC_MultiTouch\MultiTouch_Screen.X\main.c
             USBCBSuspend   0x002450    program     extern C:\Users\Stephen\Documents\GitHub\PIC_MultiTouch\MultiTouch_Screen.X\main.c
     USBCBWakeFromSuspend   0x00245e    program     extern C:\Users\Stephen\Documents\GitHub\PIC_MultiTouch\MultiTouch_Screen.X\main.c
        USBCB_SOF_Handler   0x0024a4    program     extern C:\Users\Stephen\Documents\GitHub\PIC_MultiTouch\MultiTouch_Screen.X\main.c
              USBCancelIO   0x0014f4    program     extern C:\microchip_solutions_v2013-06-15\Microchip\USB\usb_device.c
       USBCheckHIDRequest   0x002826    program     extern C:\Users\Stephen\Documents\GitHub\PIC_MultiTouch\MultiTouch_Screen.X\usb_function_hid.c
       USBCheckStdRequest   0x001f7c    program     static C:\microchip_solutions_v2013-06-15\Microchip\USB\usb_device.c
     USBConfigureEndpoint   0x0016fc    program     static C:\microchip_solutions_v2013-06-15\Microchip\USB\usb_device.c
  USBCtrlEPAllowDataStage   0x001680    program     extern C:\microchip_solutions_v2013-06-15\Microchip\USB\usb_device.c
USBCtrlEPAllowStatusStage   0x0015de    program     extern C:\microchip_solutions_v2013-06-15\Microchip\USB\usb_device.c
         USBCtrlEPService   0x001d50    program     static C:\microchip_solutions_v2013-06-15\Microchip\USB\usb_device.c
 USBCtrlEPServiceComplete   0x0017a8    program     static C:\microchip_solutions_v2013-06-15\Microchip\USB\usb_device.c
      USBCtrlTrfInHandler   0x001ec8    program     static C:\microchip_solutions_v2013-06-15\Microchip\USB\usb_device.c
     USBCtrlTrfOutHandler   0x001e7e    program     static C:\microchip_solutions_v2013-06-15\Microchip\USB\usb_device.c
      USBCtrlTrfRxService   0x001928    program     static C:\microchip_solutions_v2013-06-15\Microchip\USB\usb_device.c
   USBCtrlTrfSetupHandler   0x001e20    program     static C:\microchip_solutions_v2013-06-15\Microchip\USB\usb_device.c
      USBCtrlTrfTxService   0x00186a    program     static C:\microchip_solutions_v2013-06-15\Microchip\USB\usb_device.c
          USBDeviceAttach   0x0015ae    program     extern C:\microchip_solutions_v2013-06-15\Microchip\USB\usb_device.c
          USBDeviceDetach   0x0015a4    program     extern C:\microchip_solutions_v2013-06-15\Microchip\USB\usb_device.c
            USBDeviceInit   0x001030    program     extern C:\microchip_solutions_v2013-06-15\Microchip\USB\usb_device.c
           USBDeviceTasks   0x001150    program     extern C:\microchip_solutions_v2013-06-15\Microchip\USB\usb_device.c
        USBEnableEndpoint   0x0012b8    program     extern C:\microchip_solutions_v2013-06-15\Microchip\USB\usb_device.c
         USBStallEndpoint   0x001418    program     extern C:\microchip_solutions_v2013-06-15\Microchip\USB\usb_device.c
          USBStallHandler   0x001cc4    program     static C:\microchip_solutions_v2013-06-15\Microchip\USB\usb_device.c
  USBStdFeatureReqHandler   0x00203a    program     static C:\microchip_solutions_v2013-06-15\Microchip\USB\usb_device.c
      USBStdGetDscHandler   0x001b48    program     static C:\microchip_solutions_v2013-06-15\Microchip\USB\usb_device.c
   USBStdGetStatusHandler   0x001c02    program     static C:\microchip_solutions_v2013-06-15\Microchip\USB\usb_device.c
      USBStdSetCfgHandler   0x001a66    program     static C:\microchip_solutions_v2013-06-15\Microchip\USB\usb_device.c
               USBSuspend   0x001cf8    program     static C:\microchip_solutions_v2013-06-15\Microchip\USB\usb_device.c
     USBTransferOnePacket   0x001326    program     extern C:\microchip_solutions_v2013-06-15\Microchip\USB\usb_device.c
       USBWakeFromSuspend   0x001d22    program     static C:\microchip_solutions_v2013-06-15\Microchip\USB\usb_device.c
               USB_CD_Ptr   0x00281d    program     extern C:\Users\Stephen\Documents\GitHub\PIC_MultiTouch\MultiTouch_Screen.X\usb_descriptors.c
               USB_SD_Ptr   0x00281f    program     extern C:\Users\Stephen\Documents\GitHub\PIC_MultiTouch\MultiTouch_Screen.X\usb_descriptors.c
USER_USB_CALLBACK_EVENT_HANDLER   0x002510    program     extern C:\Users\Stephen\Documents\GitHub\PIC_MultiTouch\MultiTouch_Screen.X\main.c
                 UserInit   0x00241a    program     extern C:\Users\Stephen\Documents\GitHub\PIC_MultiTouch\MultiTouch_Screen.X\main.c
  YourHighPriorityISRCode   0x0022aa    program     extern C:\Users\Stephen\Documents\GitHub\PIC_MultiTouch\MultiTouch_Screen.X\main.c
   YourLowPriorityISRCode   0x002344    program     extern C:\Users\Stephen\Documents\GitHub\PIC_MultiTouch\MultiTouch_Screen.X\main.c
              _2jContinue   0x002afe    program     static E:\c18v3.46\pic18-lt\cxx-framework\src\traditional\stdclib\memset.asm
                   _3jEnd   0x002b08    program     static E:\c18v3.46\pic18-lt\cxx-framework\src\traditional\stdclib\memset.asm
       ___return_lbl00000   0x001004    program     static                          
       ___return_lbl00000   0x000004    program     static                          
       ___return_lbl00001   0x002b4c    program     static                          
       ___return_lbl00002   0x002adc    program     static                          
               __config_0   0x300000    program     static C:\Users\Stephen\Documents\GitHub\PIC_MultiTouch\MultiTouch_Screen.X\main.c
               __config_1   0x300001    program     static C:\Users\Stephen\Documents\GitHub\PIC_MultiTouch\MultiTouch_Screen.X\main.c
              __config_10   0x30000c    program     static C:\Users\Stephen\Documents\GitHub\PIC_MultiTouch\MultiTouch_Screen.X\main.c
              __config_11   0x30000d    program     static C:\Users\Stephen\Documents\GitHub\PIC_MultiTouch\MultiTouch_Screen.X\main.c
               __config_2   0x300002    program     static C:\Users\Stephen\Documents\GitHub\PIC_MultiTouch\MultiTouch_Screen.X\main.c
               __config_3   0x300003    program     static C:\Users\Stephen\Documents\GitHub\PIC_MultiTouch\MultiTouch_Screen.X\main.c
               __config_4   0x300005    program     static C:\Users\Stephen\Documents\GitHub\PIC_MultiTouch\MultiTouch_Screen.X\main.c
               __config_5   0x300006    program     static C:\Users\Stephen\Documents\GitHub\PIC_MultiTouch\MultiTouch_Screen.X\main.c
               __config_6   0x300008    program     static C:\Users\Stephen\Documents\GitHub\PIC_MultiTouch\MultiTouch_Screen.X\main.c
               __config_7   0x300009    program     static C:\Users\Stephen\Documents\GitHub\PIC_MultiTouch\MultiTouch_Screen.X\main.c
               __config_8   0x30000a    program     static C:\Users\Stephen\Documents\GitHub\PIC_MultiTouch\MultiTouch_Screen.X\main.c
               __config_9   0x30000b    program     static C:\Users\Stephen\Documents\GitHub\PIC_MultiTouch\MultiTouch_Screen.X\main.c
                   __init   0x001012    program     extern E:\c18v3.46\pic18-lt\cxx-framework\src\traditional\stdclib\__init.c
            __zero_memory   0x002b12    program     extern E:\c18v3.46\pic18-lt\cxx-framework\src\traditional\proc\p18f14k50.asm
                _do_cinit   0x002a40    program     extern E:\c18v3.46\pic18-lt\cxx-framework\src\traditional\startup\c018i.c
                   _entry   0x000000    program     extern E:\c18v3.46\pic18-lt\cxx-framework\src\traditional\startup\c018i.c
                   _reset   0x001000    program     extern C:\Users\Stephen\Documents\GitHub\PIC_MultiTouch\MultiTouch_Screen.X\main.c
                 _startup   0x002b32    program     extern E:\c18v3.46\pic18-lt\cxx-framework\src\traditional\startup\c018i.c
                compare_l   0x002b28    program     static E:\c18v3.46\pic18-lt\cxx-framework\src\traditional\proc\p18f14k50.asm
        configDescriptor1   0x002700    program     extern C:\Users\Stephen\Documents\GitHub\PIC_MultiTouch\MultiTouch_Screen.X\usb_descriptors.c
                copy_loop   0x002ab2    program     static                          
            copy_one_byte   0x002ab8    program     static                          
               device_dsc   0x0026ee    program     extern C:\Users\Stephen\Documents\GitHub\PIC_MultiTouch\MultiTouch_Screen.X\usb_descriptors.c
                     done   0x002adc    program     static                          
             done_copying   0x002ac6    program     static                          
                hid_rpt01   0x002784    program     extern C:\Users\Stephen\Documents\GitHub\PIC_MultiTouch\MultiTouch_Screen.X\usb_descriptors.c
              i2c_Address   0x0029e8    program     extern C:\Users\Stephen\Documents\GitHub\PIC_MultiTouch\MultiTouch_Screen.X\i2c.c
                 i2c_Init   0x00299c    program     extern C:\Users\Stephen\Documents\GitHub\PIC_MultiTouch\MultiTouch_Screen.X\i2c.c
                 i2c_Read   0x002a10    program     extern C:\Users\Stephen\Documents\GitHub\PIC_MultiTouch\MultiTouch_Screen.X\i2c.c
              i2c_Restart   0x0029c4    program     extern C:\Users\Stephen\Documents\GitHub\PIC_MultiTouch\MultiTouch_Screen.X\i2c.c
                i2c_Start   0x0029be    program     extern C:\Users\Stephen\Documents\GitHub\PIC_MultiTouch\MultiTouch_Screen.X\i2c.c
                 i2c_Stop   0x0029ca    program     extern C:\Users\Stephen\Documents\GitHub\PIC_MultiTouch\MultiTouch_Screen.X\i2c.c
                 i2c_Wait   0x0029b0    program     extern C:\Users\Stephen\Documents\GitHub\PIC_MultiTouch\MultiTouch_Screen.X\i2c.c
                i2c_Write   0x0029d0    program     extern C:\Users\Stephen\Documents\GitHub\PIC_MultiTouch\MultiTouch_Screen.X\i2c.c
                     jEnd   0x002b10    program     static E:\c18v3.46\pic18-lt\cxx-framework\src\traditional\stdclib\memset.asm
                    jLoop   0x002af2    program     static E:\c18v3.46\pic18-lt\cxx-framework\src\traditional\stdclib\memset.asm
                     loop   0x002b42    program     static                          
                   loop_h   0x002b20    program     static E:\c18v3.46\pic18-lt\cxx-framework\src\traditional\proc\p18f14k50.asm
                   loop_l   0x002b2a    program     static E:\c18v3.46\pic18-lt\cxx-framework\src\traditional\proc\p18f14k50.asm
                     main   0x0023fa    program     extern C:\Users\Stephen\Documents\GitHub\PIC_MultiTouch\MultiTouch_Screen.X\main.c
                   memset   0x002ade    program     extern E:\c18v3.46\pic18-lt\cxx-framework\src\traditional\stdclib\memset.asm
                    sd000   0x002722    program     extern C:\Users\Stephen\Documents\GitHub\PIC_MultiTouch\MultiTouch_Screen.X\usb_descriptors.c
                    sd001   0x002726    program     extern C:\Users\Stephen\Documents\GitHub\PIC_MultiTouch\MultiTouch_Screen.X\usb_descriptors.c
                    sd002   0x00275a    program     extern C:\Users\Stephen\Documents\GitHub\PIC_MultiTouch\MultiTouch_Screen.X\usb_descriptors.c
                     test   0x002a5a    program     static                          
               touch_read   0x0028ec    program     extern C:\Users\Stephen\Documents\GitHub\PIC_MultiTouch\MultiTouch_Screen.X\touch_comm.c
               touch_send   0x0025f6    program     extern C:\Users\Stephen\Documents\GitHub\PIC_MultiTouch\MultiTouch_Screen.X\main.c
               zero_block   0x002b20    program     static E:\c18v3.46\pic18-lt\cxx-framework\src\traditional\proc\p18f14k50.asm
                   ADCON0   0x000fc2       data     extern E:\c18v3.46\pic18-lt\cxx-framework\src\traditional\proc\p18f14k50.asm
               ADCON0bits   0x000fc2       data     extern E:\c18v3.46\pic18-lt\cxx-framework\src\traditional\proc\p18f14k50.asm
                   ADCON1   0x000fc1       data     extern E:\c18v3.46\pic18-lt\cxx-framework\src\traditional\proc\p18f14k50.asm
               ADCON1bits   0x000fc1       data     extern E:\c18v3.46\pic18-lt\cxx-framework\src\traditional\proc\p18f14k50.asm
                   ADCON2   0x000fc0       data     extern E:\c18v3.46\pic18-lt\cxx-framework\src\traditional\proc\p18f14k50.asm
               ADCON2bits   0x000fc0       data     extern E:\c18v3.46\pic18-lt\cxx-framework\src\traditional\proc\p18f14k50.asm
                    ADRES   0x000fc3       data     extern E:\c18v3.46\pic18-lt\cxx-framework\src\traditional\proc\p18f14k50.asm
                   ADRESH   0x000fc4       data     extern E:\c18v3.46\pic18-lt\cxx-framework\src\traditional\proc\p18f14k50.asm
                   ADRESL   0x000fc3       data     extern E:\c18v3.46\pic18-lt\cxx-framework\src\traditional\proc\p18f14k50.asm
                    ANSEL   0x000f7e       data     extern E:\c18v3.46\pic18-lt\cxx-framework\src\traditional\proc\p18f14k50.asm
                   ANSELH   0x000f7f       data     extern E:\c18v3.46\pic18-lt\cxx-framework\src\traditional\proc\p18f14k50.asm
               ANSELHbits   0x000f7f       data     extern E:\c18v3.46\pic18-lt\cxx-framework\src\traditional\proc\p18f14k50.asm
                ANSELbits   0x000f7e       data     extern E:\c18v3.46\pic18-lt\cxx-framework\src\traditional\proc\p18f14k50.asm
                  BAUDCON   0x000fb8       data     extern E:\c18v3.46\pic18-lt\cxx-framework\src\traditional\proc\p18f14k50.asm
              BAUDCONbits   0x000fb8       data     extern E:\c18v3.46\pic18-lt\cxx-framework\src\traditional\proc\p18f14k50.asm
                  BAUDCTL   0x000fb8       data     extern E:\c18v3.46\pic18-lt\cxx-framework\src\traditional\proc\p18f14k50.asm
              BAUDCTLbits   0x000fb8       data     extern E:\c18v3.46\pic18-lt\cxx-framework\src\traditional\proc\p18f14k50.asm
                      BDT   0x000200       data     extern C:\microchip_solutions_v2013-06-15\Microchip\USB\usb_device.c
                      BSR   0x000fe0       data     extern E:\c18v3.46\pic18-lt\cxx-framework\src\traditional\proc\p18f14k50.asm
       BothEP0OutUOWNsSet   0x0001e1       data     extern C:\microchip_solutions_v2013-06-15\Microchip\USB\usb_device.c
                  CCP1CON   0x000fbd       data     extern E:\c18v3.46\pic18-lt\cxx-framework\src\traditional\proc\p18f14k50.asm
              CCP1CONbits   0x000fbd       data     extern E:\c18v3.46\pic18-lt\cxx-framework\src\traditional\proc\p18f14k50.asm
                    CCPR1   0x000fbe       data     extern E:\c18v3.46\pic18-lt\cxx-framework\src\traditional\proc\p18f14k50.asm
                   CCPR1H   0x000fbf       data     extern E:\c18v3.46\pic18-lt\cxx-framework\src\traditional\proc\p18f14k50.asm
                   CCPR1L   0x000fbe       data     extern E:\c18v3.46\pic18-lt\cxx-framework\src\traditional\proc\p18f14k50.asm
                  CM1CON0   0x000f6d       data     extern E:\c18v3.46\pic18-lt\cxx-framework\src\traditional\proc\p18f14k50.asm
              CM1CON0bits   0x000f6d       data     extern E:\c18v3.46\pic18-lt\cxx-framework\src\traditional\proc\p18f14k50.asm
                  CM2CON0   0x000f6b       data     extern E:\c18v3.46\pic18-lt\cxx-framework\src\traditional\proc\p18f14k50.asm
              CM2CON0bits   0x000f6b       data     extern E:\c18v3.46\pic18-lt\cxx-framework\src\traditional\proc\p18f14k50.asm
                  CM2CON1   0x000f6c       data     extern E:\c18v3.46\pic18-lt\cxx-framework\src\traditional\proc\p18f14k50.asm
              CM2CON1bits   0x000f6c       data     extern E:\c18v3.46\pic18-lt\cxx-framework\src\traditional\proc\p18f14k50.asm
              CtrlTrfData   0x000228       data     extern C:\microchip_solutions_v2013-06-15\Microchip\USB\usb_device.c
                     DDRA   0x000f92       data     extern E:\c18v3.46\pic18-lt\cxx-framework\src\traditional\proc\p18f14k50.asm
                 DDRAbits   0x000f92       data     extern E:\c18v3.46\pic18-lt\cxx-framework\src\traditional\proc\p18f14k50.asm
                     DDRB   0x000f93       data     extern E:\c18v3.46\pic18-lt\cxx-framework\src\traditional\proc\p18f14k50.asm
                 DDRBbits   0x000f93       data     extern E:\c18v3.46\pic18-lt\cxx-framework\src\traditional\proc\p18f14k50.asm
                     DDRC   0x000f94       data     extern E:\c18v3.46\pic18-lt\cxx-framework\src\traditional\proc\p18f14k50.asm
                 DDRCbits   0x000f94       data     extern E:\c18v3.46\pic18-lt\cxx-framework\src\traditional\proc\p18f14k50.asm
         DeviceIdentifier   0x000069       data     extern C:\Users\Stephen\Documents\GitHub\PIC_MultiTouch\MultiTouch_Screen.X\main.c
               DeviceMode   0x00006a       data     extern C:\Users\Stephen\Documents\GitHub\PIC_MultiTouch\MultiTouch_Screen.X\main.c
                  ECCP1AS   0x000fb6       data     extern E:\c18v3.46\pic18-lt\cxx-framework\src\traditional\proc\p18f14k50.asm
              ECCP1ASbits   0x000fb6       data     extern E:\c18v3.46\pic18-lt\cxx-framework\src\traditional\proc\p18f14k50.asm
                    EEADR   0x000fa9       data     extern E:\c18v3.46\pic18-lt\cxx-framework\src\traditional\proc\p18f14k50.asm
                EEADRbits   0x000fa9       data     extern E:\c18v3.46\pic18-lt\cxx-framework\src\traditional\proc\p18f14k50.asm
                   EECON1   0x000fa6       data     extern E:\c18v3.46\pic18-lt\cxx-framework\src\traditional\proc\p18f14k50.asm
               EECON1bits   0x000fa6       data     extern E:\c18v3.46\pic18-lt\cxx-framework\src\traditional\proc\p18f14k50.asm
                   EECON2   0x000fa7       data     extern E:\c18v3.46\pic18-lt\cxx-framework\src\traditional\proc\p18f14k50.asm
                   EEDATA   0x000fa8       data     extern E:\c18v3.46\pic18-lt\cxx-framework\src\traditional\proc\p18f14k50.asm
                     FSR0   0x000fe9       data     extern E:\c18v3.46\pic18-lt\cxx-framework\src\traditional\proc\p18f14k50.asm
                    FSR0H   0x000fea       data     extern E:\c18v3.46\pic18-lt\cxx-framework\src\traditional\proc\p18f14k50.asm
                    FSR0L   0x000fe9       data     extern E:\c18v3.46\pic18-lt\cxx-framework\src\traditional\proc\p18f14k50.asm
                     FSR1   0x000fe1       data     extern E:\c18v3.46\pic18-lt\cxx-framework\src\traditional\proc\p18f14k50.asm
                    FSR1H   0x000fe2       data     extern E:\c18v3.46\pic18-lt\cxx-framework\src\traditional\proc\p18f14k50.asm
                    FSR1L   0x000fe1       data     extern E:\c18v3.46\pic18-lt\cxx-framework\src\traditional\proc\p18f14k50.asm
                     FSR2   0x000fd9       data     extern E:\c18v3.46\pic18-lt\cxx-framework\src\traditional\proc\p18f14k50.asm
                    FSR2H   0x000fda       data     extern E:\c18v3.46\pic18-lt\cxx-framework\src\traditional\proc\p18f14k50.asm
                    FSR2L   0x000fd9       data     extern E:\c18v3.46\pic18-lt\cxx-framework\src\traditional\proc\p18f14k50.asm
            FeatureReport   0x00006d       data     static C:\Users\Stephen\Documents\GitHub\PIC_MultiTouch\MultiTouch_Screen.X\main.c
HIDApplicationModeChanging   0x000068       data     extern C:\Users\Stephen\Documents\GitHub\PIC_MultiTouch\MultiTouch_Screen.X\main.c
                    INDF0   0x000fef       data     extern E:\c18v3.46\pic18-lt\cxx-framework\src\traditional\proc\p18f14k50.asm
                    INDF1   0x000fe7       data     extern E:\c18v3.46\pic18-lt\cxx-framework\src\traditional\proc\p18f14k50.asm
                    INDF2   0x000fdf       data     extern E:\c18v3.46\pic18-lt\cxx-framework\src\traditional\proc\p18f14k50.asm
                   INTCON   0x000ff2       data     extern E:\c18v3.46\pic18-lt\cxx-framework\src\traditional\proc\p18f14k50.asm
                  INTCON2   0x000ff1       data     extern E:\c18v3.46\pic18-lt\cxx-framework\src\traditional\proc\p18f14k50.asm
              INTCON2bits   0x000ff1       data     extern E:\c18v3.46\pic18-lt\cxx-framework\src\traditional\proc\p18f14k50.asm
                  INTCON3   0x000ff0       data     extern E:\c18v3.46\pic18-lt\cxx-framework\src\traditional\proc\p18f14k50.asm
              INTCON3bits   0x000ff0       data     extern E:\c18v3.46\pic18-lt\cxx-framework\src\traditional\proc\p18f14k50.asm
               INTCONbits   0x000ff2       data     extern E:\c18v3.46\pic18-lt\cxx-framework\src\traditional\proc\p18f14k50.asm
                     IOCA   0x000f79       data     extern E:\c18v3.46\pic18-lt\cxx-framework\src\traditional\proc\p18f14k50.asm
                 IOCAbits   0x000f79       data     extern E:\c18v3.46\pic18-lt\cxx-framework\src\traditional\proc\p18f14k50.asm
                     IOCB   0x000f7a       data     extern E:\c18v3.46\pic18-lt\cxx-framework\src\traditional\proc\p18f14k50.asm
                 IOCBbits   0x000f7a       data     extern E:\c18v3.46\pic18-lt\cxx-framework\src\traditional\proc\p18f14k50.asm
                     IPR1   0x000f9f       data     extern E:\c18v3.46\pic18-lt\cxx-framework\src\traditional\proc\p18f14k50.asm
                 IPR1bits   0x000f9f       data     extern E:\c18v3.46\pic18-lt\cxx-framework\src\traditional\proc\p18f14k50.asm
                     IPR2   0x000fa2       data     extern E:\c18v3.46\pic18-lt\cxx-framework\src\traditional\proc\p18f14k50.asm
                 IPR2bits   0x000fa2       data     extern E:\c18v3.46\pic18-lt\cxx-framework\src\traditional\proc\p18f14k50.asm
                     LATA   0x000f89       data     extern E:\c18v3.46\pic18-lt\cxx-framework\src\traditional\proc\p18f14k50.asm
                 LATAbits   0x000f89       data     extern E:\c18v3.46\pic18-lt\cxx-framework\src\traditional\proc\p18f14k50.asm
                     LATB   0x000f8a       data     extern E:\c18v3.46\pic18-lt\cxx-framework\src\traditional\proc\p18f14k50.asm
                 LATBbits   0x000f8a       data     extern E:\c18v3.46\pic18-lt\cxx-framework\src\traditional\proc\p18f14k50.asm
                     LATC   0x000f8b       data     extern E:\c18v3.46\pic18-lt\cxx-framework\src\traditional\proc\p18f14k50.asm
                 LATCbits   0x000f8b       data     extern E:\c18v3.46\pic18-lt\cxx-framework\src\traditional\proc\p18f14k50.asm
                   OSCCON   0x000fd3       data     extern E:\c18v3.46\pic18-lt\cxx-framework\src\traditional\proc\p18f14k50.asm
                  OSCCON2   0x000fd2       data     extern E:\c18v3.46\pic18-lt\cxx-framework\src\traditional\proc\p18f14k50.asm
              OSCCON2bits   0x000fd2       data     extern E:\c18v3.46\pic18-lt\cxx-framework\src\traditional\proc\p18f14k50.asm
               OSCCONbits   0x000fd3       data     extern E:\c18v3.46\pic18-lt\cxx-framework\src\traditional\proc\p18f14k50.asm
                  OSCTUNE   0x000f9b       data     extern E:\c18v3.46\pic18-lt\cxx-framework\src\traditional\proc\p18f14k50.asm
              OSCTUNEbits   0x000f9b       data     extern E:\c18v3.46\pic18-lt\cxx-framework\src\traditional\proc\p18f14k50.asm
                       PC   0x000ff9       data     extern E:\c18v3.46\pic18-lt\cxx-framework\src\traditional\proc\p18f14k50.asm
                      PCL   0x000ff9       data     extern E:\c18v3.46\pic18-lt\cxx-framework\src\traditional\proc\p18f14k50.asm
                   PCLATH   0x000ffa       data     extern E:\c18v3.46\pic18-lt\cxx-framework\src\traditional\proc\p18f14k50.asm
                   PCLATU   0x000ffb       data     extern E:\c18v3.46\pic18-lt\cxx-framework\src\traditional\proc\p18f14k50.asm
                     PIE1   0x000f9d       data     extern E:\c18v3.46\pic18-lt\cxx-framework\src\traditional\proc\p18f14k50.asm
                 PIE1bits   0x000f9d       data     extern E:\c18v3.46\pic18-lt\cxx-framework\src\traditional\proc\p18f14k50.asm
                     PIE2   0x000fa0       data     extern E:\c18v3.46\pic18-lt\cxx-framework\src\traditional\proc\p18f14k50.asm
                 PIE2bits   0x000fa0       data     extern E:\c18v3.46\pic18-lt\cxx-framework\src\traditional\proc\p18f14k50.asm
                     PIR1   0x000f9e       data     extern E:\c18v3.46\pic18-lt\cxx-framework\src\traditional\proc\p18f14k50.asm
                 PIR1bits   0x000f9e       data     extern E:\c18v3.46\pic18-lt\cxx-framework\src\traditional\proc\p18f14k50.asm
                     PIR2   0x000fa1       data     extern E:\c18v3.46\pic18-lt\cxx-framework\src\traditional\proc\p18f14k50.asm
                 PIR2bits   0x000fa1       data     extern E:\c18v3.46\pic18-lt\cxx-framework\src\traditional\proc\p18f14k50.asm
                   PLUSW0   0x000feb       data     extern E:\c18v3.46\pic18-lt\cxx-framework\src\traditional\proc\p18f14k50.asm
                   PLUSW1   0x000fe3       data     extern E:\c18v3.46\pic18-lt\cxx-framework\src\traditional\proc\p18f14k50.asm
                   PLUSW2   0x000fdb       data     extern E:\c18v3.46\pic18-lt\cxx-framework\src\traditional\proc\p18f14k50.asm
                    PORTA   0x000f80       data     extern E:\c18v3.46\pic18-lt\cxx-framework\src\traditional\proc\p18f14k50.asm
                PORTAbits   0x000f80       data     extern E:\c18v3.46\pic18-lt\cxx-framework\src\traditional\proc\p18f14k50.asm
                    PORTB   0x000f81       data     extern E:\c18v3.46\pic18-lt\cxx-framework\src\traditional\proc\p18f14k50.asm
                PORTBbits   0x000f81       data     extern E:\c18v3.46\pic18-lt\cxx-framework\src\traditional\proc\p18f14k50.asm
                    PORTC   0x000f82       data     extern E:\c18v3.46\pic18-lt\cxx-framework\src\traditional\proc\p18f14k50.asm
                PORTCbits   0x000f82       data     extern E:\c18v3.46\pic18-lt\cxx-framework\src\traditional\proc\p18f14k50.asm
                 POSTDEC0   0x000fed       data     extern E:\c18v3.46\pic18-lt\cxx-framework\src\traditional\proc\p18f14k50.asm
                 POSTDEC1   0x000fe5       data     extern E:\c18v3.46\pic18-lt\cxx-framework\src\traditional\proc\p18f14k50.asm
                 POSTDEC2   0x000fdd       data     extern E:\c18v3.46\pic18-lt\cxx-framework\src\traditional\proc\p18f14k50.asm
                 POSTINC0   0x000fee       data     extern E:\c18v3.46\pic18-lt\cxx-framework\src\traditional\proc\p18f14k50.asm
                 POSTINC1   0x000fe6       data     extern E:\c18v3.46\pic18-lt\cxx-framework\src\traditional\proc\p18f14k50.asm
                 POSTINC2   0x000fde       data     extern E:\c18v3.46\pic18-lt\cxx-framework\src\traditional\proc\p18f14k50.asm
                      PR2   0x000fcb       data     extern E:\c18v3.46\pic18-lt\cxx-framework\src\traditional\proc\p18f14k50.asm
                  PREINC0   0x000fec       data     extern E:\c18v3.46\pic18-lt\cxx-framework\src\traditional\proc\p18f14k50.asm
                  PREINC1   0x000fe4       data     extern E:\c18v3.46\pic18-lt\cxx-framework\src\traditional\proc\p18f14k50.asm
                  PREINC2   0x000fdc       data     extern E:\c18v3.46\pic18-lt\cxx-framework\src\traditional\proc\p18f14k50.asm
                     PROD   0x000ff3       data     extern E:\c18v3.46\pic18-lt\cxx-framework\src\traditional\proc\p18f14k50.asm
                    PRODH   0x000ff4       data     extern E:\c18v3.46\pic18-lt\cxx-framework\src\traditional\proc\p18f14k50.asm
                    PRODL   0x000ff3       data     extern E:\c18v3.46\pic18-lt\cxx-framework\src\traditional\proc\p18f14k50.asm
                  PSTRCON   0x000fb9       data     extern E:\c18v3.46\pic18-lt\cxx-framework\src\traditional\proc\p18f14k50.asm
              PSTRCONbits   0x000fb9       data     extern E:\c18v3.46\pic18-lt\cxx-framework\src\traditional\proc\p18f14k50.asm
                  PWM1CON   0x000fb7       data     extern E:\c18v3.46\pic18-lt\cxx-framework\src\traditional\proc\p18f14k50.asm
              PWM1CONbits   0x000fb7       data     extern E:\c18v3.46\pic18-lt\cxx-framework\src\traditional\proc\p18f14k50.asm
                     RCON   0x000fd0       data     extern E:\c18v3.46\pic18-lt\cxx-framework\src\traditional\proc\p18f14k50.asm
                 RCONbits   0x000fd0       data     extern E:\c18v3.46\pic18-lt\cxx-framework\src\traditional\proc\p18f14k50.asm
                    RCREG   0x000fae       data     extern E:\c18v3.46\pic18-lt\cxx-framework\src\traditional\proc\p18f14k50.asm
                    RCSTA   0x000fab       data     extern E:\c18v3.46\pic18-lt\cxx-framework\src\traditional\proc\p18f14k50.asm
                RCSTAbits   0x000fab       data     extern E:\c18v3.46\pic18-lt\cxx-framework\src\traditional\proc\p18f14k50.asm
                  REFCON0   0x000fba       data     extern E:\c18v3.46\pic18-lt\cxx-framework\src\traditional\proc\p18f14k50.asm
              REFCON0bits   0x000fba       data     extern E:\c18v3.46\pic18-lt\cxx-framework\src\traditional\proc\p18f14k50.asm
                  REFCON1   0x000fbb       data     extern E:\c18v3.46\pic18-lt\cxx-framework\src\traditional\proc\p18f14k50.asm
              REFCON1bits   0x000fbb       data     extern E:\c18v3.46\pic18-lt\cxx-framework\src\traditional\proc\p18f14k50.asm
                  REFCON2   0x000fbc       data     extern E:\c18v3.46\pic18-lt\cxx-framework\src\traditional\proc\p18f14k50.asm
              REFCON2bits   0x000fbc       data     extern E:\c18v3.46\pic18-lt\cxx-framework\src\traditional\proc\p18f14k50.asm
             RemoteWakeup   0x0001dd       data     extern C:\microchip_solutions_v2013-06-15\Microchip\USB\usb_device.c
              ReportsSent   0x000061       data     extern C:\Users\Stephen\Documents\GitHub\PIC_MultiTouch\MultiTouch_Screen.X\main.c
                     SIGN   0x000009       data     extern E:\c18v3.46\pic18-lt\cxx-framework\src\traditional\math\cmath18.asm
                   SLRCON   0x000f76       data     extern E:\c18v3.46\pic18-lt\cxx-framework\src\traditional\proc\p18f14k50.asm
               SLRCONbits   0x000f76       data     extern E:\c18v3.46\pic18-lt\cxx-framework\src\traditional\proc\p18f14k50.asm
                 SOFCount   0x000062       data     extern C:\Users\Stephen\Documents\GitHub\PIC_MultiTouch\MultiTouch_Screen.X\main.c
          SOFCountIntSafe   0x000064       data     extern C:\Users\Stephen\Documents\GitHub\PIC_MultiTouch\MultiTouch_Screen.X\main.c
       SOFCountIntSafeOld   0x000066       data     extern C:\Users\Stephen\Documents\GitHub\PIC_MultiTouch\MultiTouch_Screen.X\main.c
                    SPBRG   0x000faf       data     extern E:\c18v3.46\pic18-lt\cxx-framework\src\traditional\proc\p18f14k50.asm
                   SPBRGH   0x000fb0       data     extern E:\c18v3.46\pic18-lt\cxx-framework\src\traditional\proc\p18f14k50.asm
                   SRCON0   0x000f68       data     extern E:\c18v3.46\pic18-lt\cxx-framework\src\traditional\proc\p18f14k50.asm
               SRCON0bits   0x000f68       data     extern E:\c18v3.46\pic18-lt\cxx-framework\src\traditional\proc\p18f14k50.asm
                   SRCON1   0x000f69       data     extern E:\c18v3.46\pic18-lt\cxx-framework\src\traditional\proc\p18f14k50.asm
               SRCON1bits   0x000f69       data     extern E:\c18v3.46\pic18-lt\cxx-framework\src\traditional\proc\p18f14k50.asm
                   SSPADD   0x000fc8       data     extern E:\c18v3.46\pic18-lt\cxx-framework\src\traditional\proc\p18f14k50.asm
                   SSPBUF   0x000fc9       data     extern E:\c18v3.46\pic18-lt\cxx-framework\src\traditional\proc\p18f14k50.asm
                  SSPCON1   0x000fc6       data     extern E:\c18v3.46\pic18-lt\cxx-framework\src\traditional\proc\p18f14k50.asm
              SSPCON1bits   0x000fc6       data     extern E:\c18v3.46\pic18-lt\cxx-framework\src\traditional\proc\p18f14k50.asm
                  SSPCON2   0x000fc5       data     extern E:\c18v3.46\pic18-lt\cxx-framework\src\traditional\proc\p18f14k50.asm
              SSPCON2bits   0x000fc5       data     extern E:\c18v3.46\pic18-lt\cxx-framework\src\traditional\proc\p18f14k50.asm
                   SSPMSK   0x000f6f       data     extern E:\c18v3.46\pic18-lt\cxx-framework\src\traditional\proc\p18f14k50.asm
               SSPMSKbits   0x000f6f       data     extern E:\c18v3.46\pic18-lt\cxx-framework\src\traditional\proc\p18f14k50.asm
                  SSPSTAT   0x000fc7       data     extern E:\c18v3.46\pic18-lt\cxx-framework\src\traditional\proc\p18f14k50.asm
              SSPSTATbits   0x000fc7       data     extern E:\c18v3.46\pic18-lt\cxx-framework\src\traditional\proc\p18f14k50.asm
                   STATUS   0x000fd8       data     extern E:\c18v3.46\pic18-lt\cxx-framework\src\traditional\proc\p18f14k50.asm
               STATUSbits   0x000fd8       data     extern E:\c18v3.46\pic18-lt\cxx-framework\src\traditional\proc\p18f14k50.asm
                   STKPTR   0x000ffc       data     extern E:\c18v3.46\pic18-lt\cxx-framework\src\traditional\proc\p18f14k50.asm
               STKPTRbits   0x000ffc       data     extern E:\c18v3.46\pic18-lt\cxx-framework\src\traditional\proc\p18f14k50.asm
                 SetupPkt   0x000220       data     extern C:\microchip_solutions_v2013-06-15\Microchip\USB\usb_device.c
                    T0CON   0x000fd5       data     extern E:\c18v3.46\pic18-lt\cxx-framework\src\traditional\proc\p18f14k50.asm
                T0CONbits   0x000fd5       data     extern E:\c18v3.46\pic18-lt\cxx-framework\src\traditional\proc\p18f14k50.asm
                    T1CON   0x000fcd       data     extern E:\c18v3.46\pic18-lt\cxx-framework\src\traditional\proc\p18f14k50.asm
                T1CONbits   0x000fcd       data     extern E:\c18v3.46\pic18-lt\cxx-framework\src\traditional\proc\p18f14k50.asm
                    T2CON   0x000fca       data     extern E:\c18v3.46\pic18-lt\cxx-framework\src\traditional\proc\p18f14k50.asm
                T2CONbits   0x000fca       data     extern E:\c18v3.46\pic18-lt\cxx-framework\src\traditional\proc\p18f14k50.asm
                    T3CON   0x000fb1       data     extern E:\c18v3.46\pic18-lt\cxx-framework\src\traditional\proc\p18f14k50.asm
                T3CONbits   0x000fb1       data     extern E:\c18v3.46\pic18-lt\cxx-framework\src\traditional\proc\p18f14k50.asm
                   TABLAT   0x000ff5       data     extern E:\c18v3.46\pic18-lt\cxx-framework\src\traditional\proc\p18f14k50.asm
                   TBLPTR   0x000ff6       data     extern E:\c18v3.46\pic18-lt\cxx-framework\src\traditional\proc\p18f14k50.asm
                  TBLPTRH   0x000ff7       data     extern E:\c18v3.46\pic18-lt\cxx-framework\src\traditional\proc\p18f14k50.asm
                  TBLPTRL   0x000ff6       data     extern E:\c18v3.46\pic18-lt\cxx-framework\src\traditional\proc\p18f14k50.asm
                  TBLPTRU   0x000ff8       data     extern E:\c18v3.46\pic18-lt\cxx-framework\src\traditional\proc\p18f14k50.asm
                    TMR0H   0x000fd7       data     extern E:\c18v3.46\pic18-lt\cxx-framework\src\traditional\proc\p18f14k50.asm
                    TMR0L   0x000fd6       data     extern E:\c18v3.46\pic18-lt\cxx-framework\src\traditional\proc\p18f14k50.asm
                    TMR1H   0x000fcf       data     extern E:\c18v3.46\pic18-lt\cxx-framework\src\traditional\proc\p18f14k50.asm
                    TMR1L   0x000fce       data     extern E:\c18v3.46\pic18-lt\cxx-framework\src\traditional\proc\p18f14k50.asm
                     TMR2   0x000fcc       data     extern E:\c18v3.46\pic18-lt\cxx-framework\src\traditional\proc\p18f14k50.asm
                    TMR3H   0x000fb3       data     extern E:\c18v3.46\pic18-lt\cxx-framework\src\traditional\proc\p18f14k50.asm
                    TMR3L   0x000fb2       data     extern E:\c18v3.46\pic18-lt\cxx-framework\src\traditional\proc\p18f14k50.asm
                      TOS   0x000ffd       data     extern E:\c18v3.46\pic18-lt\cxx-framework\src\traditional\proc\p18f14k50.asm
                     TOSH   0x000ffe       data     extern E:\c18v3.46\pic18-lt\cxx-framework\src\traditional\proc\p18f14k50.asm
                     TOSL   0x000ffd       data     extern E:\c18v3.46\pic18-lt\cxx-framework\src\traditional\proc\p18f14k50.asm
                     TOSU   0x000fff       data     extern E:\c18v3.46\pic18-lt\cxx-framework\src\traditional\proc\p18f14k50.asm
                    TRISA   0x000f92       data     extern E:\c18v3.46\pic18-lt\cxx-framework\src\traditional\proc\p18f14k50.asm
                TRISAbits   0x000f92       data     extern E:\c18v3.46\pic18-lt\cxx-framework\src\traditional\proc\p18f14k50.asm
                    TRISB   0x000f93       data     extern E:\c18v3.46\pic18-lt\cxx-framework\src\traditional\proc\p18f14k50.asm
                TRISBbits   0x000f93       data     extern E:\c18v3.46\pic18-lt\cxx-framework\src\traditional\proc\p18f14k50.asm
                    TRISC   0x000f94       data     extern E:\c18v3.46\pic18-lt\cxx-framework\src\traditional\proc\p18f14k50.asm
                TRISCbits   0x000f94       data     extern E:\c18v3.46\pic18-lt\cxx-framework\src\traditional\proc\p18f14k50.asm
                    TXREG   0x000fad       data     extern E:\c18v3.46\pic18-lt\cxx-framework\src\traditional\proc\p18f14k50.asm
                    TXSTA   0x000fac       data     extern E:\c18v3.46\pic18-lt\cxx-framework\src\traditional\proc\p18f14k50.asm
                TXSTAbits   0x000fac       data     extern E:\c18v3.46\pic18-lt\cxx-framework\src\traditional\proc\p18f14k50.asm
                    UADDR   0x000f5c       data     extern E:\c18v3.46\pic18-lt\cxx-framework\src\traditional\proc\p18f14k50.asm
                UADDRbits   0x000f5c       data     extern E:\c18v3.46\pic18-lt\cxx-framework\src\traditional\proc\p18f14k50.asm
                     UCFG   0x000f61       data     extern E:\c18v3.46\pic18-lt\cxx-framework\src\traditional\proc\p18f14k50.asm
                 UCFGbits   0x000f61       data     extern E:\c18v3.46\pic18-lt\cxx-framework\src\traditional\proc\p18f14k50.asm
                     UCON   0x000f64       data     extern E:\c18v3.46\pic18-lt\cxx-framework\src\traditional\proc\p18f14k50.asm
                 UCONbits   0x000f64       data     extern E:\c18v3.46\pic18-lt\cxx-framework\src\traditional\proc\p18f14k50.asm
                     UEIE   0x000f5b       data     extern E:\c18v3.46\pic18-lt\cxx-framework\src\traditional\proc\p18f14k50.asm
                 UEIEbits   0x000f5b       data     extern E:\c18v3.46\pic18-lt\cxx-framework\src\traditional\proc\p18f14k50.asm
                     UEIR   0x000f5f       data     extern E:\c18v3.46\pic18-lt\cxx-framework\src\traditional\proc\p18f14k50.asm
                 UEIRbits   0x000f5f       data     extern E:\c18v3.46\pic18-lt\cxx-framework\src\traditional\proc\p18f14k50.asm
                     UEP0   0x000f53       data     extern E:\c18v3.46\pic18-lt\cxx-framework\src\traditional\proc\p18f14k50.asm
                 UEP0bits   0x000f53       data     extern E:\c18v3.46\pic18-lt\cxx-framework\src\traditional\proc\p18f14k50.asm
                     UEP1   0x000f54       data     extern E:\c18v3.46\pic18-lt\cxx-framework\src\traditional\proc\p18f14k50.asm
                 UEP1bits   0x000f54       data     extern E:\c18v3.46\pic18-lt\cxx-framework\src\traditional\proc\p18f14k50.asm
                     UEP2   0x000f55       data     extern E:\c18v3.46\pic18-lt\cxx-framework\src\traditional\proc\p18f14k50.asm
                 UEP2bits   0x000f55       data     extern E:\c18v3.46\pic18-lt\cxx-framework\src\traditional\proc\p18f14k50.asm
                     UEP3   0x000f56       data     extern E:\c18v3.46\pic18-lt\cxx-framework\src\traditional\proc\p18f14k50.asm
                 UEP3bits   0x000f56       data     extern E:\c18v3.46\pic18-lt\cxx-framework\src\traditional\proc\p18f14k50.asm
                     UEP4   0x000f57       data     extern E:\c18v3.46\pic18-lt\cxx-framework\src\traditional\proc\p18f14k50.asm
                 UEP4bits   0x000f57       data     extern E:\c18v3.46\pic18-lt\cxx-framework\src\traditional\proc\p18f14k50.asm
                     UEP5   0x000f58       data     extern E:\c18v3.46\pic18-lt\cxx-framework\src\traditional\proc\p18f14k50.asm
                 UEP5bits   0x000f58       data     extern E:\c18v3.46\pic18-lt\cxx-framework\src\traditional\proc\p18f14k50.asm
                     UEP6   0x000f59       data     extern E:\c18v3.46\pic18-lt\cxx-framework\src\traditional\proc\p18f14k50.asm
                 UEP6bits   0x000f59       data     extern E:\c18v3.46\pic18-lt\cxx-framework\src\traditional\proc\p18f14k50.asm
                     UEP7   0x000f5a       data     extern E:\c18v3.46\pic18-lt\cxx-framework\src\traditional\proc\p18f14k50.asm
                 UEP7bits   0x000f5a       data     extern E:\c18v3.46\pic18-lt\cxx-framework\src\traditional\proc\p18f14k50.asm
                    UFRMH   0x000f5e       data     extern E:\c18v3.46\pic18-lt\cxx-framework\src\traditional\proc\p18f14k50.asm
                UFRMHbits   0x000f5e       data     extern E:\c18v3.46\pic18-lt\cxx-framework\src\traditional\proc\p18f14k50.asm
                    UFRML   0x000f5d       data     extern E:\c18v3.46\pic18-lt\cxx-framework\src\traditional\proc\p18f14k50.asm
                UFRMLbits   0x000f5d       data     extern E:\c18v3.46\pic18-lt\cxx-framework\src\traditional\proc\p18f14k50.asm
                      UIE   0x000f60       data     extern E:\c18v3.46\pic18-lt\cxx-framework\src\traditional\proc\p18f14k50.asm
                  UIESave   0x000060       data     extern C:\Users\Stephen\Documents\GitHub\PIC_MultiTouch\MultiTouch_Screen.X\main.c
                  UIEbits   0x000f60       data     extern E:\c18v3.46\pic18-lt\cxx-framework\src\traditional\proc\p18f14k50.asm
                      UIR   0x000f62       data     extern E:\c18v3.46\pic18-lt\cxx-framework\src\traditional\proc\p18f14k50.asm
                  UIRbits   0x000f62       data     extern E:\c18v3.46\pic18-lt\cxx-framework\src\traditional\proc\p18f14k50.asm
   USBActiveConfiguration   0x0001bf       data     extern C:\microchip_solutions_v2013-06-15\Microchip\USB\usb_device.c
    USBAlternateInterface   0x0001c0       data     extern C:\microchip_solutions_v2013-06-15\Microchip\USB\usb_device.c
        USBBusIsSuspended   0x0001de       data     extern C:\microchip_solutions_v2013-06-15\Microchip\USB\usb_device.c
USBDeferINDataStagePackets   0x0001ea       data     extern C:\microchip_solutions_v2013-06-15\Microchip\USB\usb_device.c
USBDeferOUTDataStagePackets   0x0001eb       data     extern C:\microchip_solutions_v2013-06-15\Microchip\USB\usb_device.c
USBDeferStatusStagePacket   0x0001e7       data     extern C:\microchip_solutions_v2013-06-15\Microchip\USB\usb_device.c
           USBDeviceState   0x0001be       data     extern C:\microchip_solutions_v2013-06-15\Microchip\USB\usb_device.c
USBStatusStageEnabledFlag1   0x0001e8       data     extern C:\microchip_solutions_v2013-06-15\Microchip\USB\usb_device.c
USBStatusStageEnabledFlag2   0x0001e9       data     extern C:\microchip_solutions_v2013-06-15\Microchip\USB\usb_device.c
USBStatusStageTimeoutCounter   0x0001e6       data     extern C:\microchip_solutions_v2013-06-15\Microchip\USB\usb_device.c
                    USTAT   0x000f63       data     extern E:\c18v3.46\pic18-lt\cxx-framework\src\traditional\proc\p18f14k50.asm
                USTATbits   0x000f63       data     extern E:\c18v3.46\pic18-lt\cxx-framework\src\traditional\proc\p18f14k50.asm
                USTATcopy   0x0001df       data     extern C:\microchip_solutions_v2013-06-15\Microchip\USB\usb_device.c
                 VREFCON0   0x000fba       data     extern E:\c18v3.46\pic18-lt\cxx-framework\src\traditional\proc\p18f14k50.asm
             VREFCON0bits   0x000fba       data     extern E:\c18v3.46\pic18-lt\cxx-framework\src\traditional\proc\p18f14k50.asm
                 VREFCON1   0x000fbb       data     extern E:\c18v3.46\pic18-lt\cxx-framework\src\traditional\proc\p18f14k50.asm
             VREFCON1bits   0x000fbb       data     extern E:\c18v3.46\pic18-lt\cxx-framework\src\traditional\proc\p18f14k50.asm
                 VREFCON2   0x000fbc       data     extern E:\c18v3.46\pic18-lt\cxx-framework\src\traditional\proc\p18f14k50.asm
             VREFCON2bits   0x000fbc       data     extern E:\c18v3.46\pic18-lt\cxx-framework\src\traditional\proc\p18f14k50.asm
                        W   0x000fe8       data     extern E:\c18v3.46\pic18-lt\cxx-framework\src\traditional\proc\p18f14k50.asm
                   WDTCON   0x000fd1       data     extern E:\c18v3.46\pic18-lt\cxx-framework\src\traditional\proc\p18f14k50.asm
               WDTCONbits   0x000fd1       data     extern E:\c18v3.46\pic18-lt\cxx-framework\src\traditional\proc\p18f14k50.asm
                     WPUA   0x000f77       data     extern E:\c18v3.46\pic18-lt\cxx-framework\src\traditional\proc\p18f14k50.asm
                 WPUAbits   0x000f77       data     extern E:\c18v3.46\pic18-lt\cxx-framework\src\traditional\proc\p18f14k50.asm
                     WPUB   0x000f78       data     extern E:\c18v3.46\pic18-lt\cxx-framework\src\traditional\proc\p18f14k50.asm
                 WPUBbits   0x000f78       data     extern E:\c18v3.46\pic18-lt\cxx-framework\src\traditional\proc\p18f14k50.asm
                     WREG   0x000fe8       data     extern E:\c18v3.46\pic18-lt\cxx-framework\src\traditional\proc\p18f14k50.asm
                 __AARGB0   0x000007       data     extern E:\c18v3.46\pic18-lt\cxx-framework\src\traditional\math\aarg.asm
                 __AARGB1   0x000006       data     extern E:\c18v3.46\pic18-lt\cxx-framework\src\traditional\math\aarg.asm
                 __AARGB2   0x000005       data     extern E:\c18v3.46\pic18-lt\cxx-framework\src\traditional\math\aarg.asm
                 __AARGB3   0x000004       data     extern E:\c18v3.46\pic18-lt\cxx-framework\src\traditional\math\aarg.asm
                 __AARGB4   0x000003       data     extern E:\c18v3.46\pic18-lt\cxx-framework\src\traditional\math\aarg.asm
                 __AARGB5   0x000002       data     extern E:\c18v3.46\pic18-lt\cxx-framework\src\traditional\math\aarg.asm
                 __AARGB6   0x000001       data     extern E:\c18v3.46\pic18-lt\cxx-framework\src\traditional\math\aarg.asm
                 __AARGB7   0x000000       data     extern E:\c18v3.46\pic18-lt\cxx-framework\src\traditional\math\aarg.asm
                   __AEXP   0x000008       data     extern E:\c18v3.46\pic18-lt\cxx-framework\src\traditional\math\aarg.asm
                __FPFLAGS   0x00000a       data     extern E:\c18v3.46\pic18-lt\cxx-framework\src\traditional\math\cmath18.asm
            __FPFLAGSbits   0x00000a       data     extern E:\c18v3.46\pic18-lt\cxx-framework\src\traditional\math\cmath18.asm
                  __REMB0   0x000003       data     extern E:\c18v3.46\pic18-lt\cxx-framework\src\traditional\math\aarg.asm
                  __REMB1   0x000002       data     extern E:\c18v3.46\pic18-lt\cxx-framework\src\traditional\math\aarg.asm
                  __REMB2   0x000001       data     extern E:\c18v3.46\pic18-lt\cxx-framework\src\traditional\math\aarg.asm
                  __REMB3   0x000000       data     extern E:\c18v3.46\pic18-lt\cxx-framework\src\traditional\math\aarg.asm
                  __tmp_0   0x00000b       data     static C:\microchip_solutions_v2013-06-15\Microchip\USB\usb_device.c
                  __tmp_0   0x00000b       data     static C:\Users\Stephen\Documents\GitHub\PIC_MultiTouch\MultiTouch_Screen.X\touch_comm.c
                  __tmp_0   0x00000b       data     static C:\Users\Stephen\Documents\GitHub\PIC_MultiTouch\MultiTouch_Screen.X\main.c
          active_protocol   0x0001ed       data     extern C:\Users\Stephen\Documents\GitHub\PIC_MultiTouch\MultiTouch_Screen.X\usb_function_hid.c
     controlTransferState   0x0001ce       data     extern C:\microchip_solutions_v2013-06-15\Microchip\USB\usb_device.c
                curr_byte   0x000072       data     static E:\c18v3.46\pic18-lt\cxx-framework\src\traditional\startup\c018i.c
               curr_entry   0x000074       data     static E:\c18v3.46\pic18-lt\cxx-framework\src\traditional\startup\c018i.c
                 data_ptr   0x000076       data     static E:\c18v3.46\pic18-lt\cxx-framework\src\traditional\startup\c018i.c
              delay_count   0x00006b       data     static C:\Users\Stephen\Documents\GitHub\PIC_MultiTouch\MultiTouch_Screen.X\main.c
          endpoint_number   0x0001e0       data     extern C:\microchip_solutions_v2013-06-15\Microchip\USB\usb_device.c
               ep_data_in   0x0001e2       data     extern C:\microchip_solutions_v2013-06-15\Microchip\USB\usb_device.c
              ep_data_out   0x0001e4       data     extern C:\microchip_solutions_v2013-06-15\Microchip\USB\usb_device.c
            hid_report_in   0x000260       data     extern C:\Users\Stephen\Documents\GitHub\PIC_MultiTouch\MultiTouch_Screen.X\main.c
           hid_report_out   0x0002a0       data     extern C:\Users\Stephen\Documents\GitHub\PIC_MultiTouch\MultiTouch_Screen.X\main.c
                idle_rate   0x0001ec       data     extern C:\Users\Stephen\Documents\GitHub\PIC_MultiTouch\MultiTouch_Screen.X\usb_function_hid.c
                  inPipes   0x0001cf       data     extern C:\microchip_solutions_v2013-06-15\Microchip\USB\usb_device.c
         lastTransmission   0x0001ee       data     extern C:\Users\Stephen\Documents\GitHub\PIC_MultiTouch\MultiTouch_Screen.X\main.c
                 outPipes   0x0001d4       data     extern C:\microchip_solutions_v2013-06-15\Microchip\USB\usb_device.c
   pBDTEntryEP0OutCurrent   0x0001c1       data     extern C:\microchip_solutions_v2013-06-15\Microchip\USB\usb_device.c
      pBDTEntryEP0OutNext   0x0001c3       data     extern C:\microchip_solutions_v2013-06-15\Microchip\USB\usb_device.c
              pBDTEntryIn   0x0001c9       data     extern C:\microchip_solutions_v2013-06-15\Microchip\USB\usb_device.c
             pBDTEntryOut   0x0001c5       data     extern C:\microchip_solutions_v2013-06-15\Microchip\USB\usb_device.c
                     pDst   0x0001db       data     extern C:\microchip_solutions_v2013-06-15\Microchip\USB\usb_device.c
                     prom   0x00006f       data     static E:\c18v3.46\pic18-lt\cxx-framework\src\traditional\startup\c018i.c
        shortPacketStatus   0x0001cd       data     extern C:\microchip_solutions_v2013-06-15\Microchip\USB\usb_device.c
                   t_data   0x000180       data     extern C:\Users\Stephen\Documents\GitHub\PIC_MultiTouch\MultiTouch_Screen.X\touch_comm.c



                              Symbols - Sorted by Address
                     Name    Address   Location    Storage File                     
                ---------  ---------  ---------  --------- ---------                
                   _entry   0x000000    program     extern E:\c18v3.46\pic18-lt\cxx-framework\src\traditional\startup\c018i.c
       ___return_lbl00000   0x000004    program     static                          
    HighPriorityIntVector   0x000008    program     static C:\Users\Stephen\Documents\GitHub\PIC_MultiTouch\MultiTouch_Screen.X\PIC18InterruptVectors.asm
GotoHighPriorityInterruptHandler   0x00000e    program     static C:\Users\Stephen\Documents\GitHub\PIC_MultiTouch\MultiTouch_Screen.X\PIC18InterruptVectors.asm
     LowPriorityIntVector   0x000018    program     static C:\Users\Stephen\Documents\GitHub\PIC_MultiTouch\MultiTouch_Screen.X\PIC18InterruptVectors.asm
GotoLowPriorityInterruptHandler   0x00001e    program     static C:\Users\Stephen\Documents\GitHub\PIC_MultiTouch\MultiTouch_Screen.X\PIC18InterruptVectors.asm
                   _reset   0x001000    program     extern C:\Users\Stephen\Documents\GitHub\PIC_MultiTouch\MultiTouch_Screen.X\main.c
       ___return_lbl00000   0x001004    program     static                          
     SignaturePlaceholder   0x001006    program     extern C:\Users\Stephen\Documents\GitHub\PIC_MultiTouch\MultiTouch_Screen.X\main.c
Remapped_HighPriorityIntVector   0x001008    program     static C:\Users\Stephen\Documents\GitHub\PIC_MultiTouch\MultiTouch_Screen.X\PIC18InterruptVectors.asm
Remapped_GotoHighPriIntHandler   0x00100e    program     static C:\Users\Stephen\Documents\GitHub\PIC_MultiTouch\MultiTouch_Screen.X\PIC18InterruptVectors.asm
                   __init   0x001012    program     extern E:\c18v3.46\pic18-lt\cxx-framework\src\traditional\stdclib\__init.c
               AppVersion   0x001016    program     extern C:\Users\Stephen\Documents\GitHub\PIC_MultiTouch\MultiTouch_Screen.X\main.c
Remapped_LowPriorityIntVector   0x001018    program     static C:\Users\Stephen\Documents\GitHub\PIC_MultiTouch\MultiTouch_Screen.X\PIC18InterruptVectors.asm
Remapped_GotoLowPriIntHandler   0x00101e    program     static C:\Users\Stephen\Documents\GitHub\PIC_MultiTouch\MultiTouch_Screen.X\PIC18InterruptVectors.asm
            USBDeviceInit   0x001030    program     extern C:\microchip_solutions_v2013-06-15\Microchip\USB\usb_device.c
           USBDeviceTasks   0x001150    program     extern C:\microchip_solutions_v2013-06-15\Microchip\USB\usb_device.c
        USBEnableEndpoint   0x0012b8    program     extern C:\microchip_solutions_v2013-06-15\Microchip\USB\usb_device.c
     USBTransferOnePacket   0x001326    program     extern C:\microchip_solutions_v2013-06-15\Microchip\USB\usb_device.c
         USBStallEndpoint   0x001418    program     extern C:\microchip_solutions_v2013-06-15\Microchip\USB\usb_device.c
              USBCancelIO   0x0014f4    program     extern C:\microchip_solutions_v2013-06-15\Microchip\USB\usb_device.c
          USBDeviceDetach   0x0015a4    program     extern C:\microchip_solutions_v2013-06-15\Microchip\USB\usb_device.c
          USBDeviceAttach   0x0015ae    program     extern C:\microchip_solutions_v2013-06-15\Microchip\USB\usb_device.c
USBCtrlEPAllowStatusStage   0x0015de    program     extern C:\microchip_solutions_v2013-06-15\Microchip\USB\usb_device.c
  USBCtrlEPAllowDataStage   0x001680    program     extern C:\microchip_solutions_v2013-06-15\Microchip\USB\usb_device.c
     USBConfigureEndpoint   0x0016fc    program     static C:\microchip_solutions_v2013-06-15\Microchip\USB\usb_device.c
 USBCtrlEPServiceComplete   0x0017a8    program     static C:\microchip_solutions_v2013-06-15\Microchip\USB\usb_device.c
      USBCtrlTrfTxService   0x00186a    program     static C:\microchip_solutions_v2013-06-15\Microchip\USB\usb_device.c
      USBCtrlTrfRxService   0x001928    program     static C:\microchip_solutions_v2013-06-15\Microchip\USB\usb_device.c
      USBStdSetCfgHandler   0x001a66    program     static C:\microchip_solutions_v2013-06-15\Microchip\USB\usb_device.c
      USBStdGetDscHandler   0x001b48    program     static C:\microchip_solutions_v2013-06-15\Microchip\USB\usb_device.c
   USBStdGetStatusHandler   0x001c02    program     static C:\microchip_solutions_v2013-06-15\Microchip\USB\usb_device.c
          USBStallHandler   0x001cc4    program     static C:\microchip_solutions_v2013-06-15\Microchip\USB\usb_device.c
               USBSuspend   0x001cf8    program     static C:\microchip_solutions_v2013-06-15\Microchip\USB\usb_device.c
       USBWakeFromSuspend   0x001d22    program     static C:\microchip_solutions_v2013-06-15\Microchip\USB\usb_device.c
         USBCtrlEPService   0x001d50    program     static C:\microchip_solutions_v2013-06-15\Microchip\USB\usb_device.c
   USBCtrlTrfSetupHandler   0x001e20    program     static C:\microchip_solutions_v2013-06-15\Microchip\USB\usb_device.c
     USBCtrlTrfOutHandler   0x001e7e    program     static C:\microchip_solutions_v2013-06-15\Microchip\USB\usb_device.c
      USBCtrlTrfInHandler   0x001ec8    program     static C:\microchip_solutions_v2013-06-15\Microchip\USB\usb_device.c
       USBCheckStdRequest   0x001f7c    program     static C:\microchip_solutions_v2013-06-15\Microchip\USB\usb_device.c
  USBStdFeatureReqHandler   0x00203a    program     static C:\microchip_solutions_v2013-06-15\Microchip\USB\usb_device.c
  YourHighPriorityISRCode   0x0022aa    program     extern C:\Users\Stephen\Documents\GitHub\PIC_MultiTouch\MultiTouch_Screen.X\main.c
   YourLowPriorityISRCode   0x002344    program     extern C:\Users\Stephen\Documents\GitHub\PIC_MultiTouch\MultiTouch_Screen.X\main.c
                     main   0x0023fa    program     extern C:\Users\Stephen\Documents\GitHub\PIC_MultiTouch\MultiTouch_Screen.X\main.c
                 InitLEDs   0x002404    program     extern C:\Users\Stephen\Documents\GitHub\PIC_MultiTouch\MultiTouch_Screen.X\main.c
         InitializeSystem   0x00240e    program     static C:\Users\Stephen\Documents\GitHub\PIC_MultiTouch\MultiTouch_Screen.X\main.c
                 UserInit   0x00241a    program     extern C:\Users\Stephen\Documents\GitHub\PIC_MultiTouch\MultiTouch_Screen.X\main.c
              TouchEnable   0x00242e    program     extern C:\Users\Stephen\Documents\GitHub\PIC_MultiTouch\MultiTouch_Screen.X\main.c
           TouchInterrupt   0x00244c    program     extern C:\Users\Stephen\Documents\GitHub\PIC_MultiTouch\MultiTouch_Screen.X\main.c
             USBCBSuspend   0x002450    program     extern C:\Users\Stephen\Documents\GitHub\PIC_MultiTouch\MultiTouch_Screen.X\main.c
     USBCBWakeFromSuspend   0x00245e    program     extern C:\Users\Stephen\Documents\GitHub\PIC_MultiTouch\MultiTouch_Screen.X\main.c
        USBCB_SOF_Handler   0x0024a4    program     extern C:\Users\Stephen\Documents\GitHub\PIC_MultiTouch\MultiTouch_Screen.X\main.c
        USBCBErrorHandler   0x0024ae    program     extern C:\Users\Stephen\Documents\GitHub\PIC_MultiTouch\MultiTouch_Screen.X\main.c
       USBCBCheckOtherReq   0x0024b0    program     extern C:\Users\Stephen\Documents\GitHub\PIC_MultiTouch\MultiTouch_Screen.X\main.c
    USBCBStdSetDscHandler   0x0024b4    program     extern C:\Users\Stephen\Documents\GitHub\PIC_MultiTouch\MultiTouch_Screen.X\main.c
              USBCBInitEP   0x0024b6    program     extern C:\Users\Stephen\Documents\GitHub\PIC_MultiTouch\MultiTouch_Screen.X\main.c
          USBCBSendResume   0x0024c8    program     extern C:\Users\Stephen\Documents\GitHub\PIC_MultiTouch\MultiTouch_Screen.X\main.c
USER_USB_CALLBACK_EVENT_HANDLER   0x002510    program     extern C:\Users\Stephen\Documents\GitHub\PIC_MultiTouch\MultiTouch_Screen.X\main.c
MultiTouchGetReportHandler   0x0025a4    program     extern C:\Users\Stephen\Documents\GitHub\PIC_MultiTouch\MultiTouch_Screen.X\main.c
               touch_send   0x0025f6    program     extern C:\Users\Stephen\Documents\GitHub\PIC_MultiTouch\MultiTouch_Screen.X\main.c
               device_dsc   0x0026ee    program     extern C:\Users\Stephen\Documents\GitHub\PIC_MultiTouch\MultiTouch_Screen.X\usb_descriptors.c
        configDescriptor1   0x002700    program     extern C:\Users\Stephen\Documents\GitHub\PIC_MultiTouch\MultiTouch_Screen.X\usb_descriptors.c
                    sd000   0x002722    program     extern C:\Users\Stephen\Documents\GitHub\PIC_MultiTouch\MultiTouch_Screen.X\usb_descriptors.c
                    sd001   0x002726    program     extern C:\Users\Stephen\Documents\GitHub\PIC_MultiTouch\MultiTouch_Screen.X\usb_descriptors.c
                    sd002   0x00275a    program     extern C:\Users\Stephen\Documents\GitHub\PIC_MultiTouch\MultiTouch_Screen.X\usb_descriptors.c
                hid_rpt01   0x002784    program     extern C:\Users\Stephen\Documents\GitHub\PIC_MultiTouch\MultiTouch_Screen.X\usb_descriptors.c
               USB_CD_Ptr   0x00281d    program     extern C:\Users\Stephen\Documents\GitHub\PIC_MultiTouch\MultiTouch_Screen.X\usb_descriptors.c
               USB_SD_Ptr   0x00281f    program     extern C:\Users\Stephen\Documents\GitHub\PIC_MultiTouch\MultiTouch_Screen.X\usb_descriptors.c
       USBCheckHIDRequest   0x002826    program     extern C:\Users\Stephen\Documents\GitHub\PIC_MultiTouch\MultiTouch_Screen.X\usb_function_hid.c
               touch_read   0x0028ec    program     extern C:\Users\Stephen\Documents\GitHub\PIC_MultiTouch\MultiTouch_Screen.X\touch_comm.c
                 i2c_Init   0x00299c    program     extern C:\Users\Stephen\Documents\GitHub\PIC_MultiTouch\MultiTouch_Screen.X\i2c.c
                 i2c_Wait   0x0029b0    program     extern C:\Users\Stephen\Documents\GitHub\PIC_MultiTouch\MultiTouch_Screen.X\i2c.c
                i2c_Start   0x0029be    program     extern C:\Users\Stephen\Documents\GitHub\PIC_MultiTouch\MultiTouch_Screen.X\i2c.c
              i2c_Restart   0x0029c4    program     extern C:\Users\Stephen\Documents\GitHub\PIC_MultiTouch\MultiTouch_Screen.X\i2c.c
                 i2c_Stop   0x0029ca    program     extern C:\Users\Stephen\Documents\GitHub\PIC_MultiTouch\MultiTouch_Screen.X\i2c.c
                i2c_Write   0x0029d0    program     extern C:\Users\Stephen\Documents\GitHub\PIC_MultiTouch\MultiTouch_Screen.X\i2c.c
              i2c_Address   0x0029e8    program     extern C:\Users\Stephen\Documents\GitHub\PIC_MultiTouch\MultiTouch_Screen.X\i2c.c
                 i2c_Read   0x002a10    program     extern C:\Users\Stephen\Documents\GitHub\PIC_MultiTouch\MultiTouch_Screen.X\i2c.c
                _do_cinit   0x002a40    program     extern E:\c18v3.46\pic18-lt\cxx-framework\src\traditional\startup\c018i.c
                     test   0x002a5a    program     static                          
                copy_loop   0x002ab2    program     static                          
            copy_one_byte   0x002ab8    program     static                          
             done_copying   0x002ac6    program     static                          
                     done   0x002adc    program     static                          
       ___return_lbl00002   0x002adc    program     static                          
                   memset   0x002ade    program     extern E:\c18v3.46\pic18-lt\cxx-framework\src\traditional\stdclib\memset.asm
                    jLoop   0x002af2    program     static E:\c18v3.46\pic18-lt\cxx-framework\src\traditional\stdclib\memset.asm
              _2jContinue   0x002afe    program     static E:\c18v3.46\pic18-lt\cxx-framework\src\traditional\stdclib\memset.asm
                   _3jEnd   0x002b08    program     static E:\c18v3.46\pic18-lt\cxx-framework\src\traditional\stdclib\memset.asm
                     jEnd   0x002b10    program     static E:\c18v3.46\pic18-lt\cxx-framework\src\traditional\stdclib\memset.asm
            __zero_memory   0x002b12    program     extern E:\c18v3.46\pic18-lt\cxx-framework\src\traditional\proc\p18f14k50.asm
               zero_block   0x002b20    program     static E:\c18v3.46\pic18-lt\cxx-framework\src\traditional\proc\p18f14k50.asm
                   loop_h   0x002b20    program     static E:\c18v3.46\pic18-lt\cxx-framework\src\traditional\proc\p18f14k50.asm
                compare_l   0x002b28    program     static E:\c18v3.46\pic18-lt\cxx-framework\src\traditional\proc\p18f14k50.asm
                   loop_l   0x002b2a    program     static E:\c18v3.46\pic18-lt\cxx-framework\src\traditional\proc\p18f14k50.asm
                 _startup   0x002b32    program     extern E:\c18v3.46\pic18-lt\cxx-framework\src\traditional\startup\c018i.c
                     loop   0x002b42    program     static                          
       ___return_lbl00001   0x002b4c    program     static                          
               __config_0   0x300000    program     static C:\Users\Stephen\Documents\GitHub\PIC_MultiTouch\MultiTouch_Screen.X\main.c
               __config_1   0x300001    program     static C:\Users\Stephen\Documents\GitHub\PIC_MultiTouch\MultiTouch_Screen.X\main.c
               __config_2   0x300002    program     static C:\Users\Stephen\Documents\GitHub\PIC_MultiTouch\MultiTouch_Screen.X\main.c
               __config_3   0x300003    program     static C:\Users\Stephen\Documents\GitHub\PIC_MultiTouch\MultiTouch_Screen.X\main.c
               __config_4   0x300005    program     static C:\Users\Stephen\Documents\GitHub\PIC_MultiTouch\MultiTouch_Screen.X\main.c
               __config_5   0x300006    program     static C:\Users\Stephen\Documents\GitHub\PIC_MultiTouch\MultiTouch_Screen.X\main.c
               __config_6   0x300008    program     static C:\Users\Stephen\Documents\GitHub\PIC_MultiTouch\MultiTouch_Screen.X\main.c
               __config_7   0x300009    program     static C:\Users\Stephen\Documents\GitHub\PIC_MultiTouch\MultiTouch_Screen.X\main.c
               __config_8   0x30000a    program     static C:\Users\Stephen\Documents\GitHub\PIC_MultiTouch\MultiTouch_Screen.X\main.c
               __config_9   0x30000b    program     static C:\Users\Stephen\Documents\GitHub\PIC_MultiTouch\MultiTouch_Screen.X\main.c
              __config_10   0x30000c    program     static C:\Users\Stephen\Documents\GitHub\PIC_MultiTouch\MultiTouch_Screen.X\main.c
              __config_11   0x30000d    program     static C:\Users\Stephen\Documents\GitHub\PIC_MultiTouch\MultiTouch_Screen.X\main.c
                  __REMB3   0x000000       data     extern E:\c18v3.46\pic18-lt\cxx-framework\src\traditional\math\aarg.asm
                 __AARGB7   0x000000       data     extern E:\c18v3.46\pic18-lt\cxx-framework\src\traditional\math\aarg.asm
                  __REMB2   0x000001       data     extern E:\c18v3.46\pic18-lt\cxx-framework\src\traditional\math\aarg.asm
                 __AARGB6   0x000001       data     extern E:\c18v3.46\pic18-lt\cxx-framework\src\traditional\math\aarg.asm
                  __REMB1   0x000002       data     extern E:\c18v3.46\pic18-lt\cxx-framework\src\traditional\math\aarg.asm
                 __AARGB5   0x000002       data     extern E:\c18v3.46\pic18-lt\cxx-framework\src\traditional\math\aarg.asm
                  __REMB0   0x000003       data     extern E:\c18v3.46\pic18-lt\cxx-framework\src\traditional\math\aarg.asm
                 __AARGB4   0x000003       data     extern E:\c18v3.46\pic18-lt\cxx-framework\src\traditional\math\aarg.asm
                 __AARGB3   0x000004       data     extern E:\c18v3.46\pic18-lt\cxx-framework\src\traditional\math\aarg.asm
                 __AARGB2   0x000005       data     extern E:\c18v3.46\pic18-lt\cxx-framework\src\traditional\math\aarg.asm
                 __AARGB1   0x000006       data     extern E:\c18v3.46\pic18-lt\cxx-framework\src\traditional\math\aarg.asm
                 __AARGB0   0x000007       data     extern E:\c18v3.46\pic18-lt\cxx-framework\src\traditional\math\aarg.asm
                   __AEXP   0x000008       data     extern E:\c18v3.46\pic18-lt\cxx-framework\src\traditional\math\aarg.asm
                     SIGN   0x000009       data     extern E:\c18v3.46\pic18-lt\cxx-framework\src\traditional\math\cmath18.asm
                __FPFLAGS   0x00000a       data     extern E:\c18v3.46\pic18-lt\cxx-framework\src\traditional\math\cmath18.asm
            __FPFLAGSbits   0x00000a       data     extern E:\c18v3.46\pic18-lt\cxx-framework\src\traditional\math\cmath18.asm
                  __tmp_0   0x00000b       data     static C:\Users\Stephen\Documents\GitHub\PIC_MultiTouch\MultiTouch_Screen.X\main.c
                  __tmp_0   0x00000b       data     static C:\microchip_solutions_v2013-06-15\Microchip\USB\usb_device.c
                  __tmp_0   0x00000b       data     static C:\Users\Stephen\Documents\GitHub\PIC_MultiTouch\MultiTouch_Screen.X\touch_comm.c
                  UIESave   0x000060       data     extern C:\Users\Stephen\Documents\GitHub\PIC_MultiTouch\MultiTouch_Screen.X\main.c
              ReportsSent   0x000061       data     extern C:\Users\Stephen\Documents\GitHub\PIC_MultiTouch\MultiTouch_Screen.X\main.c
                 SOFCount   0x000062       data     extern C:\Users\Stephen\Documents\GitHub\PIC_MultiTouch\MultiTouch_Screen.X\main.c
          SOFCountIntSafe   0x000064       data     extern C:\Users\Stephen\Documents\GitHub\PIC_MultiTouch\MultiTouch_Screen.X\main.c
       SOFCountIntSafeOld   0x000066       data     extern C:\Users\Stephen\Documents\GitHub\PIC_MultiTouch\MultiTouch_Screen.X\main.c
HIDApplicationModeChanging   0x000068       data     extern C:\Users\Stephen\Documents\GitHub\PIC_MultiTouch\MultiTouch_Screen.X\main.c
         DeviceIdentifier   0x000069       data     extern C:\Users\Stephen\Documents\GitHub\PIC_MultiTouch\MultiTouch_Screen.X\main.c
               DeviceMode   0x00006a       data     extern C:\Users\Stephen\Documents\GitHub\PIC_MultiTouch\MultiTouch_Screen.X\main.c
              delay_count   0x00006b       data     static C:\Users\Stephen\Documents\GitHub\PIC_MultiTouch\MultiTouch_Screen.X\main.c
            FeatureReport   0x00006d       data     static C:\Users\Stephen\Documents\GitHub\PIC_MultiTouch\MultiTouch_Screen.X\main.c
                     prom   0x00006f       data     static E:\c18v3.46\pic18-lt\cxx-framework\src\traditional\startup\c018i.c
                curr_byte   0x000072       data     static E:\c18v3.46\pic18-lt\cxx-framework\src\traditional\startup\c018i.c
               curr_entry   0x000074       data     static E:\c18v3.46\pic18-lt\cxx-framework\src\traditional\startup\c018i.c
                 data_ptr   0x000076       data     static E:\c18v3.46\pic18-lt\cxx-framework\src\traditional\startup\c018i.c
                   t_data   0x000180       data     extern C:\Users\Stephen\Documents\GitHub\PIC_MultiTouch\MultiTouch_Screen.X\touch_comm.c
           USBDeviceState   0x0001be       data     extern C:\microchip_solutions_v2013-06-15\Microchip\USB\usb_device.c
   USBActiveConfiguration   0x0001bf       data     extern C:\microchip_solutions_v2013-06-15\Microchip\USB\usb_device.c
    USBAlternateInterface   0x0001c0       data     extern C:\microchip_solutions_v2013-06-15\Microchip\USB\usb_device.c
   pBDTEntryEP0OutCurrent   0x0001c1       data     extern C:\microchip_solutions_v2013-06-15\Microchip\USB\usb_device.c
      pBDTEntryEP0OutNext   0x0001c3       data     extern C:\microchip_solutions_v2013-06-15\Microchip\USB\usb_device.c
             pBDTEntryOut   0x0001c5       data     extern C:\microchip_solutions_v2013-06-15\Microchip\USB\usb_device.c
              pBDTEntryIn   0x0001c9       data     extern C:\microchip_solutions_v2013-06-15\Microchip\USB\usb_device.c
        shortPacketStatus   0x0001cd       data     extern C:\microchip_solutions_v2013-06-15\Microchip\USB\usb_device.c
     controlTransferState   0x0001ce       data     extern C:\microchip_solutions_v2013-06-15\Microchip\USB\usb_device.c
                  inPipes   0x0001cf       data     extern C:\microchip_solutions_v2013-06-15\Microchip\USB\usb_device.c
                 outPipes   0x0001d4       data     extern C:\microchip_solutions_v2013-06-15\Microchip\USB\usb_device.c
                     pDst   0x0001db       data     extern C:\microchip_solutions_v2013-06-15\Microchip\USB\usb_device.c
             RemoteWakeup   0x0001dd       data     extern C:\microchip_solutions_v2013-06-15\Microchip\USB\usb_device.c
        USBBusIsSuspended   0x0001de       data     extern C:\microchip_solutions_v2013-06-15\Microchip\USB\usb_device.c
                USTATcopy   0x0001df       data     extern C:\microchip_solutions_v2013-06-15\Microchip\USB\usb_device.c
          endpoint_number   0x0001e0       data     extern C:\microchip_solutions_v2013-06-15\Microchip\USB\usb_device.c
[...]
                     DDRB   0x000f93       data     extern E:\c18v3.46\pic18-lt\cxx-framework\src\traditional\proc\p18f14k50.asm
                 DDRBbits   0x000f93       data     extern E:\c18v3.46\pic18-lt\cxx-framework\src\traditional\proc\p18f14k50.asm
                    TRISC   0x000f94       data     extern E:\c18v3.46\pic18-lt\cxx-framework\src\traditional\proc\p18f14k50.asm
                     DDRC   0x000f94       data     extern E:\c18v3.46\pic18-lt\cxx-framework\src\traditional\proc\p18f14k50.asm
                 DDRCbits   0x000f94       data     extern E:\c18v3.46\pic18-lt\cxx-framework\src\traditional\proc\p18f14k50.asm
                TRISCbits   0x000f94       data     extern E:\c18v3.46\pic18-lt\cxx-framework\src\traditional\proc\p18f14k50.asm
                  OSCTUNE   0x000f9b       data     extern E:\c18v3.46\pic18-lt\cxx-framework\src\traditional\proc\p18f14k50.asm
              OSCTUNEbits   0x000f9b       data     extern E:\c18v3.46\pic18-lt\cxx-framework\src\traditional\proc\p18f14k50.asm
                     PIE1   0x000f9d       data     extern E:\c18v3.46\pic18-lt\cxx-framework\src\traditional\proc\p18f14k50.asm
                 PIE1bits   0x000f9d       data     extern E:\c18v3.46\pic18-lt\cxx-framework\src\traditional\proc\p18f14k50.asm
                 PIR1bits   0x000f9e       data     extern E:\c18v3.46\pic18-lt\cxx-framework\src\traditional\proc\p18f14k50.asm
                     PIR1   0x000f9e       data     extern E:\c18v3.46\pic18-lt\cxx-framework\src\traditional\proc\p18f14k50.asm
                     IPR1   0x000f9f       data     extern E:\c18v3.46\pic18-lt\cxx-framework\src\traditional\proc\p18f14k50.asm
                 IPR1bits   0x000f9f       data     extern E:\c18v3.46\pic18-lt\cxx-framework\src\traditional\proc\p18f14k50.asm
                     PIE2   0x000fa0       data     extern E:\c18v3.46\pic18-lt\cxx-framework\src\traditional\proc\p18f14k50.asm
                 PIE2bits   0x000fa0       data     extern E:\c18v3.46\pic18-lt\cxx-framework\src\traditional\proc\p18f14k50.asm
                     PIR2   0x000fa1       data     extern E:\c18v3.46\pic18-lt\cxx-framework\src\traditional\proc\p18f14k50.asm
                 PIR2bits   0x000fa1       data     extern E:\c18v3.46\pic18-lt\cxx-framework\src\traditional\proc\p18f14k50.asm
                 IPR2bits   0x000fa2       data     extern E:\c18v3.46\pic18-lt\cxx-framework\src\traditional\proc\p18f14k50.asm
                     IPR2   0x000fa2       data     extern E:\c18v3.46\pic18-lt\cxx-framework\src\traditional\proc\p18f14k50.asm
               EECON1bits   0x000fa6       data     extern E:\c18v3.46\pic18-lt\cxx-framework\src\traditional\proc\p18f14k50.asm
                   EECON1   0x000fa6       data     extern E:\c18v3.46\pic18-lt\cxx-framework\src\traditional\proc\p18f14k50.asm
                   EECON2   0x000fa7       data     extern E:\c18v3.46\pic18-lt\cxx-framework\src\traditional\proc\p18f14k50.asm
                   EEDATA   0x000fa8       data     extern E:\c18v3.46\pic18-lt\cxx-framework\src\traditional\proc\p18f14k50.asm
                EEADRbits   0x000fa9       data     extern E:\c18v3.46\pic18-lt\cxx-framework\src\traditional\proc\p18f14k50.asm
                    EEADR   0x000fa9       data     extern E:\c18v3.46\pic18-lt\cxx-framework\src\traditional\proc\p18f14k50.asm
                    RCSTA   0x000fab       data     extern E:\c18v3.46\pic18-lt\cxx-framework\src\traditional\proc\p18f14k50.asm
                RCSTAbits   0x000fab       data     extern E:\c18v3.46\pic18-lt\cxx-framework\src\traditional\proc\p18f14k50.asm
                TXSTAbits   0x000fac       data     extern E:\c18v3.46\pic18-lt\cxx-framework\src\traditional\proc\p18f14k50.asm
                    TXSTA   0x000fac       data     extern E:\c18v3.46\pic18-lt\cxx-framework\src\traditional\proc\p18f14k50.asm
                    TXREG   0x000fad       data     extern E:\c18v3.46\pic18-lt\cxx-framework\src\traditional\proc\p18f14k50.asm
                    RCREG   0x000fae       data     extern E:\c18v3.46\pic18-lt\cxx-framework\src\traditional\proc\p18f14k50.asm
                    SPBRG   0x000faf       data     extern E:\c18v3.46\pic18-lt\cxx-framework\src\traditional\proc\p18f14k50.asm
                   SPBRGH   0x000fb0       data     extern E:\c18v3.46\pic18-lt\cxx-framework\src\traditional\proc\p18f14k50.asm
                T3CONbits   0x000fb1       data     extern E:\c18v3.46\pic18-lt\cxx-framework\src\traditional\proc\p18f14k50.asm
                    T3CON   0x000fb1       data     extern E:\c18v3.46\pic18-lt\cxx-framework\src\traditional\proc\p18f14k50.asm
                    TMR3L   0x000fb2       data     extern E:\c18v3.46\pic18-lt\cxx-framework\src\traditional\proc\p18f14k50.asm
                    TMR3H   0x000fb3       data     extern E:\c18v3.46\pic18-lt\cxx-framework\src\traditional\proc\p18f14k50.asm
              ECCP1ASbits   0x000fb6       data     extern E:\c18v3.46\pic18-lt\cxx-framework\src\traditional\proc\p18f14k50.asm
                  ECCP1AS   0x000fb6       data     extern E:\c18v3.46\pic18-lt\cxx-framework\src\traditional\proc\p18f14k50.asm
              PWM1CONbits   0x000fb7       data     extern E:\c18v3.46\pic18-lt\cxx-framework\src\traditional\proc\p18f14k50.asm
                  PWM1CON   0x000fb7       data     extern E:\c18v3.46\pic18-lt\cxx-framework\src\traditional\proc\p18f14k50.asm
                  BAUDCON   0x000fb8       data     extern E:\c18v3.46\pic18-lt\cxx-framework\src\traditional\proc\p18f14k50.asm
              BAUDCONbits   0x000fb8       data     extern E:\c18v3.46\pic18-lt\cxx-framework\src\traditional\proc\p18f14k50.asm
                  BAUDCTL   0x000fb8       data     extern E:\c18v3.46\pic18-lt\cxx-framework\src\traditional\proc\p18f14k50.asm
              BAUDCTLbits   0x000fb8       data     extern E:\c18v3.46\pic18-lt\cxx-framework\src\traditional\proc\p18f14k50.asm
              PSTRCONbits   0x000fb9       data     extern E:\c18v3.46\pic18-lt\cxx-framework\src\traditional\proc\p18f14k50.asm
                  PSTRCON   0x000fb9       data     extern E:\c18v3.46\pic18-lt\cxx-framework\src\traditional\proc\p18f14k50.asm
                 VREFCON0   0x000fba       data     extern E:\c18v3.46\pic18-lt\cxx-framework\src\traditional\proc\p18f14k50.asm
             VREFCON0bits   0x000fba       data     extern E:\c18v3.46\pic18-lt\cxx-framework\src\traditional\proc\p18f14k50.asm
              REFCON0bits   0x000fba       data     extern E:\c18v3.46\pic18-lt\cxx-framework\src\traditional\proc\p18f14k50.asm
                  REFCON0   0x000fba       data     extern E:\c18v3.46\pic18-lt\cxx-framework\src\traditional\proc\p18f14k50.asm
             VREFCON1bits   0x000fbb       data     extern E:\c18v3.46\pic18-lt\cxx-framework\src\traditional\proc\p18f14k50.asm
                 VREFCON1   0x000fbb       data     extern E:\c18v3.46\pic18-lt\cxx-framework\src\traditional\proc\p18f14k50.asm
                  REFCON1   0x000fbb       data     extern E:\c18v3.46\pic18-lt\cxx-framework\src\traditional\proc\p18f14k50.asm
              REFCON1bits   0x000fbb       data     extern E:\c18v3.46\pic18-lt\cxx-framework\src\traditional\proc\p18f14k50.asm
                  REFCON2   0x000fbc       data     extern E:\c18v3.46\pic18-lt\cxx-framework\src\traditional\proc\p18f14k50.asm
              REFCON2bits   0x000fbc       data     extern E:\c18v3.46\pic18-lt\cxx-framework\src\traditional\proc\p18f14k50.asm
                 VREFCON2   0x000fbc       data     extern E:\c18v3.46\pic18-lt\cxx-framework\src\traditional\proc\p18f14k50.asm
             VREFCON2bits   0x000fbc       data     extern E:\c18v3.46\pic18-lt\cxx-framework\src\traditional\proc\p18f14k50.asm
              CCP1CONbits   0x000fbd       data     extern E:\c18v3.46\pic18-lt\cxx-framework\src\traditional\proc\p18f14k50.asm
                  CCP1CON   0x000fbd       data     extern E:\c18v3.46\pic18-lt\cxx-framework\src\traditional\proc\p18f14k50.asm
                   CCPR1L   0x000fbe       data     extern E:\c18v3.46\pic18-lt\cxx-framework\src\traditional\proc\p18f14k50.asm
                    CCPR1   0x000fbe       data     extern E:\c18v3.46\pic18-lt\cxx-framework\src\traditional\proc\p18f14k50.asm
                   CCPR1H   0x000fbf       data     extern E:\c18v3.46\pic18-lt\cxx-framework\src\traditional\proc\p18f14k50.asm
               ADCON2bits   0x000fc0       data     extern E:\c18v3.46\pic18-lt\cxx-framework\src\traditional\proc\p18f14k50.asm
                   ADCON2   0x000fc0       data     extern E:\c18v3.46\pic18-lt\cxx-framework\src\traditional\proc\p18f14k50.asm
               ADCON1bits   0x000fc1       data     extern E:\c18v3.46\pic18-lt\cxx-framework\src\traditional\proc\p18f14k50.asm
                   ADCON1   0x000fc1       data     extern E:\c18v3.46\pic18-lt\cxx-framework\src\traditional\proc\p18f14k50.asm
                   ADCON0   0x000fc2       data     extern E:\c18v3.46\pic18-lt\cxx-framework\src\traditional\proc\p18f14k50.asm
               ADCON0bits   0x000fc2       data     extern E:\c18v3.46\pic18-lt\cxx-framework\src\traditional\proc\p18f14k50.asm
                    ADRES   0x000fc3       data     extern E:\c18v3.46\pic18-lt\cxx-framework\src\traditional\proc\p18f14k50.asm
                   ADRESL   0x000fc3       data     extern E:\c18v3.46\pic18-lt\cxx-framework\src\traditional\proc\p18f14k50.asm
                   ADRESH   0x000fc4       data     extern E:\c18v3.46\pic18-lt\cxx-framework\src\traditional\proc\p18f14k50.asm
                  SSPCON2   0x000fc5       data     extern E:\c18v3.46\pic18-lt\cxx-framework\src\traditional\proc\p18f14k50.asm
              SSPCON2bits   0x000fc5       data     extern E:\c18v3.46\pic18-lt\cxx-framework\src\traditional\proc\p18f14k50.asm
                  SSPCON1   0x000fc6       data     extern E:\c18v3.46\pic18-lt\cxx-framework\src\traditional\proc\p18f14k50.asm
              SSPCON1bits   0x000fc6       data     extern E:\c18v3.46\pic18-lt\cxx-framework\src\traditional\proc\p18f14k50.asm
                  SSPSTAT   0x000fc7       data     extern E:\c18v3.46\pic18-lt\cxx-framework\src\traditional\proc\p18f14k50.asm
              SSPSTATbits   0x000fc7       data     extern E:\c18v3.46\pic18-lt\cxx-framework\src\traditional\proc\p18f14k50.asm
                   SSPADD   0x000fc8       data     extern E:\c18v3.46\pic18-lt\cxx-framework\src\traditional\proc\p18f14k50.asm
                   SSPBUF   0x000fc9       data     extern E:\c18v3.46\pic18-lt\cxx-framework\src\traditional\proc\p18f14k50.asm
                T2CONbits   0x000fca       data     extern E:\c18v3.46\pic18-lt\cxx-framework\src\traditional\proc\p18f14k50.asm
                    T2CON   0x000fca       data     extern E:\c18v3.46\pic18-lt\cxx-framework\src\traditional\proc\p18f14k50.asm
                      PR2   0x000fcb       data     extern E:\c18v3.46\pic18-lt\cxx-framework\src\traditional\proc\p18f14k50.asm
                     TMR2   0x000fcc       data     extern E:\c18v3.46\pic18-lt\cxx-framework\src\traditional\proc\p18f14k50.asm
                T1CONbits   0x000fcd       data     extern E:\c18v3.46\pic18-lt\cxx-framework\src\traditional\proc\p18f14k50.asm
                    T1CON   0x000fcd       data     extern E:\c18v3.46\pic18-lt\cxx-framework\src\traditional\proc\p18f14k50.asm
                    TMR1L   0x000fce       data     extern E:\c18v3.46\pic18-lt\cxx-framework\src\traditional\proc\p18f14k50.asm
                    TMR1H   0x000fcf       data     extern E:\c18v3.46\pic18-lt\cxx-framework\src\traditional\proc\p18f14k50.asm
                     RCON   0x000fd0       data     extern E:\c18v3.46\pic18-lt\cxx-framework\src\traditional\proc\p18f14k50.asm
                 RCONbits   0x000fd0       data     extern E:\c18v3.46\pic18-lt\cxx-framework\src\traditional\proc\p18f14k50.asm
                   WDTCON   0x000fd1       data     extern E:\c18v3.46\pic18-lt\cxx-framework\src\traditional\proc\p18f14k50.asm
               WDTCONbits   0x000fd1       data     extern E:\c18v3.46\pic18-lt\cxx-framework\src\traditional\proc\p18f14k50.asm
                  OSCCON2   0x000fd2       data     extern E:\c18v3.46\pic18-lt\cxx-framework\src\traditional\proc\p18f14k50.asm
              OSCCON2bits   0x000fd2       data     extern E:\c18v3.46\pic18-lt\cxx-framework\src\traditional\proc\p18f14k50.asm
                   OSCCON   0x000fd3       data     extern E:\c18v3.46\pic18-lt\cxx-framework\src\traditional\proc\p18f14k50.asm
               OSCCONbits   0x000fd3       data     extern E:\c18v3.46\pic18-lt\cxx-framework\src\traditional\proc\p18f14k50.asm
                    T0CON   0x000fd5       data     extern E:\c18v3.46\pic18-lt\cxx-framework\src\traditional\proc\p18f14k50.asm
                T0CONbits   0x000fd5       data     extern E:\c18v3.46\pic18-lt\cxx-framework\src\traditional\proc\p18f14k50.asm
                    TMR0L   0x000fd6       data     extern E:\c18v3.46\pic18-lt\cxx-framework\src\traditional\proc\p18f14k50.asm
                    TMR0H   0x000fd7       data     extern E:\c18v3.46\pic18-lt\cxx-framework\src\traditional\proc\p18f14k50.asm
                   STATUS   0x000fd8       data     extern E:\c18v3.46\pic18-lt\cxx-framework\src\traditional\proc\p18f14k50.asm
               STATUSbits   0x000fd8       data     extern E:\c18v3.46\pic18-lt\cxx-framework\src\traditional\proc\p18f14k50.asm
                    FSR2L   0x000fd9       data     extern E:\c18v3.46\pic18-lt\cxx-framework\src\traditional\proc\p18f14k50.asm
                     FSR2   0x000fd9       data     extern E:\c18v3.46\pic18-lt\cxx-framework\src\traditional\proc\p18f14k50.asm
                    FSR2H   0x000fda       data     extern E:\c18v3.46\pic18-lt\cxx-framework\src\traditional\proc\p18f14k50.asm
                   PLUSW2   0x000fdb       data     extern E:\c18v3.46\pic18-lt\cxx-framework\src\traditional\proc\p18f14k50.asm
                  PREINC2   0x000fdc       data     extern E:\c18v3.46\pic18-lt\cxx-framework\src\traditional\proc\p18f14k50.asm
                 POSTDEC2   0x000fdd       data     extern E:\c18v3.46\pic18-lt\cxx-framework\src\traditional\proc\p18f14k50.asm
                 POSTINC2   0x000fde       data     extern E:\c18v3.46\pic18-lt\cxx-framework\src\traditional\proc\p18f14k50.asm
                    INDF2   0x000fdf       data     extern E:\c18v3.46\pic18-lt\cxx-framework\src\traditional\proc\p18f14k50.asm
                      BSR   0x000fe0       data     extern E:\c18v3.46\pic18-lt\cxx-framework\src\traditional\proc\p18f14k50.asm
                     FSR1   0x000fe1       data     extern E:\c18v3.46\pic18-lt\cxx-framework\src\traditional\proc\p18f14k50.asm
                    FSR1L   0x000fe1       data     extern E:\c18v3.46\pic18-lt\cxx-framework\src\traditional\proc\p18f14k50.asm
                    FSR1H   0x000fe2       data     extern E:\c18v3.46\pic18-lt\cxx-framework\src\traditional\proc\p18f14k50.asm
                   PLUSW1   0x000fe3       data     extern E:\c18v3.46\pic18-lt\cxx-framework\src\traditional\proc\p18f14k50.asm
                  PREINC1   0x000fe4       data     extern E:\c18v3.46\pic18-lt\cxx-framework\src\traditional\proc\p18f14k50.asm
                 POSTDEC1   0x000fe5       data     extern E:\c18v3.46\pic18-lt\cxx-framework\src\traditional\proc\p18f14k50.asm
                 POSTINC1   0x000fe6       data     extern E:\c18v3.46\pic18-lt\cxx-framework\src\traditional\proc\p18f14k50.asm
                    INDF1   0x000fe7       data     extern E:\c18v3.46\pic18-lt\cxx-framework\src\traditional\proc\p18f14k50.asm
                     WREG   0x000fe8       data     extern E:\c18v3.46\pic18-lt\cxx-framework\src\traditional\proc\p18f14k50.asm
                        W   0x000fe8       data     extern E:\c18v3.46\pic18-lt\cxx-framework\src\traditional\proc\p18f14k50.asm
                     FSR0   0x000fe9       data     extern E:\c18v3.46\pic18-lt\cxx-framework\src\traditional\proc\p18f14k50.asm
                    FSR0L   0x000fe9       data     extern E:\c18v3.46\pic18-lt\cxx-framework\src\traditional\proc\p18f14k50.asm
                    FSR0H   0x000fea       data     extern E:\c18v3.46\pic18-lt\cxx-framework\src\traditional\proc\p18f14k50.asm
                   PLUSW0   0x000feb       data     extern E:\c18v3.46\pic18-lt\cxx-framework\src\traditional\proc\p18f14k50.asm
                  PREINC0   0x000fec       data     extern E:\c18v3.46\pic18-lt\cxx-framework\src\traditional\proc\p18f14k50.asm
                 POSTDEC0   0x000fed       data     extern E:\c18v3.46\pic18-lt\cxx-framework\src\traditional\proc\p18f14k50.asm
                 POSTINC0   0x000fee       data     extern E:\c18v3.46\pic18-lt\cxx-framework\src\traditional\proc\p18f14k50.asm
                    INDF0   0x000fef       data     extern E:\c18v3.46\pic18-lt\cxx-framework\src\traditional\proc\p18f14k50.asm
              INTCON3bits   0x000ff0       data     extern E:\c18v3.46\pic18-lt\cxx-framework\src\traditional\proc\p18f14k50.asm
                  INTCON3   0x000ff0       data     extern E:\c18v3.46\pic18-lt\cxx-framework\src\traditional\proc\p18f14k50.asm
              INTCON2bits   0x000ff1       data     extern E:\c18v3.46\pic18-lt\cxx-framework\src\traditional\proc\p18f14k50.asm
                  INTCON2   0x000ff1       data     extern E:\c18v3.46\pic18-lt\cxx-framework\src\traditional\proc\p18f14k50.asm
                   INTCON   0x000ff2       data     extern E:\c18v3.46\pic18-lt\cxx-framework\src\traditional\proc\p18f14k50.asm
               INTCONbits   0x000ff2       data     extern E:\c18v3.46\pic18-lt\cxx-framework\src\traditional\proc\p18f14k50.asm
                     PROD   0x000ff3       data     extern E:\c18v3.46\pic18-lt\cxx-framework\src\traditional\proc\p18f14k50.asm
                    PRODL   0x000ff3       data     extern E:\c18v3.46\pic18-lt\cxx-framework\src\traditional\proc\p18f14k50.asm
                    PRODH   0x000ff4       data     extern E:\c18v3.46\pic18-lt\cxx-framework\src\traditional\proc\p18f14k50.asm
                   TABLAT   0x000ff5       data     extern E:\c18v3.46\pic18-lt\cxx-framework\src\traditional\proc\p18f14k50.asm
                  TBLPTRL   0x000ff6       data     extern E:\c18v3.46\pic18-lt\cxx-framework\src\traditional\proc\p18f14k50.asm
                   TBLPTR   0x000ff6       data     extern E:\c18v3.46\pic18-lt\cxx-framework\src\traditional\proc\p18f14k50.asm
                  TBLPTRH   0x000ff7       data     extern E:\c18v3.46\pic18-lt\cxx-framework\src\traditional\proc\p18f14k50.asm
                  TBLPTRU   0x000ff8       data     extern E:\c18v3.46\pic18-lt\cxx-framework\src\traditional\proc\p18f14k50.asm
                      PCL   0x000ff9       data     extern E:\c18v3.46\pic18-lt\cxx-framework\src\traditional\proc\p18f14k50.asm
                       PC   0x000ff9       data     extern E:\c18v3.46\pic18-lt\cxx-framework\src\traditional\proc\p18f14k50.asm
                   PCLATH   0x000ffa       data     extern E:\c18v3.46\pic18-lt\cxx-framework\src\traditional\proc\p18f14k50.asm
                   PCLATU   0x000ffb       data     extern E:\c18v3.46\pic18-lt\cxx-framework\src\traditional\proc\p18f14k50.asm
                   STKPTR   0x000ffc       data     extern E:\c18v3.46\pic18-lt\cxx-framework\src\traditional\proc\p18f14k50.asm
               STKPTRbits   0x000ffc       data     extern E:\c18v3.46\pic18-lt\cxx-framework\src\traditional\proc\p18f14k50.asm
                      TOS   0x000ffd       data     extern E:\c18v3.46\pic18-lt\cxx-framework\src\traditional\proc\p18f14k50.asm
                     TOSL   0x000ffd       data     extern E:\c18v3.46\pic18-lt\cxx-framework\src\traditional\proc\p18f14k50.asm
                     TOSH   0x000ffe       data     extern E:\c18v3.46\pic18-lt\cxx-framework\src\traditional\proc\p18f14k50.asm
                     TOSU   0x000fff       data     extern E:\c18v3.46\pic18-lt\cxx-framework\src\traditional\proc\p18f14k50.asm


